14:52:04 **** Build of configuration Debug for project riscv-freertos-sample ****
make all 
Building file: ../riscv_hal/entry.S
Invoking: RISC-V GCC/Newlib Assembler
riscv64-unknown-elf-gcc -mabi=ilp32 -g3 -gdwarf-2 -march=rv32im -x assembler-with-cpp -Wall -c -MMD -MP -MF"riscv_hal/entry.d" -MT"riscv_hal/entry.d" -Wa,-march=rv32im -o "riscv_hal/entry.o" "../riscv_hal/entry.S"
Finished building: ../riscv_hal/entry.S
 
Building file: ../riscv_hal/init.c
Invoking: RISC-V GCC/Newlib C Compiler
riscv64-unknown-elf-gcc -mabi=ilp32 -g3 -gdwarf-2 -march=rv32im -DUSE_PLIC -DMSCC_STDIO_THRU_CORE_UART_APB -I"C:\Users\cyril.jean\Documents\GitHub\SoftConsole\ExampleWorkspace\riscv-freertos-sample\FreeRTOS" -I"C:\Users\cyril.jean\Documents\GitHub\SoftConsole\ExampleWorkspace\riscv-freertos-sample\FreeRTOS\include" -I"C:\Users\cyril.jean\Documents\GitHub\SoftConsole\ExampleWorkspace\riscv-freertos-sample\FreeRTOS\portable" -I"C:\Users\cyril.jean\Documents\GitHub\SoftConsole\ExampleWorkspace\riscv-freertos-sample\FreeRTOS\portable\GCC" -I"C:\Users\cyril.jean\Documents\GitHub\SoftConsole\ExampleWorkspace\riscv-freertos-sample\FreeRTOS\portable\MemMang" -I"C:\Users\cyril.jean\Documents\GitHub\SoftConsole\ExampleWorkspace\riscv-freertos-sample\FreeRTOS\portable\GCC\RISCV" -I"C:\Users\cyril.jean\Documents\GitHub\SoftConsole\ExampleWorkspace\riscv-freertos-sample" -I"C:\Users\cyril.jean\Documents\GitHub\SoftConsole\ExampleWorkspace\riscv-freertos-sample\drivers\CoreGPIO" -I"C:\Users\cyril.jean\Documents\GitHub\SoftConsole\ExampleWorkspace\riscv-freertos-sample\drivers\Core16550" -I"C:\Users\cyril.jean\Documents\GitHub\SoftConsole\ExampleWorkspace\riscv-freertos-sample\drivers\CoreUARTapb" -I"C:\Users\cyril.jean\Documents\GitHub\SoftConsole\ExampleWorkspace\riscv-freertos-sample\drivers\CoreTimer" -I"C:\Users\cyril.jean\Documents\GitHub\SoftConsole\ExampleWorkspace\riscv-freertos-sample\hal" -I"C:\Users\cyril.jean\Documents\GitHub\SoftConsole\ExampleWorkspace\riscv-freertos-sample\riscv_hal" -O0 -ffunction-sections -fdata-sections -Wall -c -MMD -MP -MF"riscv_hal/init.d" -MT"riscv_hal/init.d" -o "riscv_hal/init.o" "../riscv_hal/init.c"
Finished building: ../riscv_hal/init.c
 
Building file: ../riscv_hal/riscv_hal.c
Invoking: RISC-V GCC/Newlib C Compiler
riscv64-unknown-elf-gcc -mabi=ilp32 -g3 -gdwarf-2 -march=rv32im -DUSE_PLIC -DMSCC_STDIO_THRU_CORE_UART_APB -I"C:\Users\cyril.jean\Documents\GitHub\SoftConsole\ExampleWorkspace\riscv-freertos-sample\FreeRTOS" -I"C:\Users\cyril.jean\Documents\GitHub\SoftConsole\ExampleWorkspace\riscv-freertos-sample\FreeRTOS\include" -I"C:\Users\cyril.jean\Documents\GitHub\SoftConsole\ExampleWorkspace\riscv-freertos-sample\FreeRTOS\portable" -I"C:\Users\cyril.jean\Documents\GitHub\SoftConsole\ExampleWorkspace\riscv-freertos-sample\FreeRTOS\portable\GCC" -I"C:\Users\cyril.jean\Documents\GitHub\SoftConsole\ExampleWorkspace\riscv-freertos-sample\FreeRTOS\portable\MemMang" -I"C:\Users\cyril.jean\Documents\GitHub\SoftConsole\ExampleWorkspace\riscv-freertos-sample\FreeRTOS\portable\GCC\RISCV" -I"C:\Users\cyril.jean\Documents\GitHub\SoftConsole\ExampleWorkspace\riscv-freertos-sample" -I"C:\Users\cyril.jean\Documents\GitHub\SoftConsole\ExampleWorkspace\riscv-freertos-sample\drivers\CoreGPIO" -I"C:\Users\cyril.jean\Documents\GitHub\SoftConsole\ExampleWorkspace\riscv-freertos-sample\drivers\Core16550" -I"C:\Users\cyril.jean\Documents\GitHub\SoftConsole\ExampleWorkspace\riscv-freertos-sample\drivers\CoreUARTapb" -I"C:\Users\cyril.jean\Documents\GitHub\SoftConsole\ExampleWorkspace\riscv-freertos-sample\drivers\CoreTimer" -I"C:\Users\cyril.jean\Documents\GitHub\SoftConsole\ExampleWorkspace\riscv-freertos-sample\hal" -I"C:\Users\cyril.jean\Documents\GitHub\SoftConsole\ExampleWorkspace\riscv-freertos-sample\riscv_hal" -O0 -ffunction-sections -fdata-sections -Wall -c -MMD -MP -MF"riscv_hal/riscv_hal.d" -MT"riscv_hal/riscv_hal.d" -o "riscv_hal/riscv_hal.o" "../riscv_hal/riscv_hal.c"
Finished building: ../riscv_hal/riscv_hal.c
 
Building file: ../riscv_hal/riscv_hal_stubs.c
Invoking: RISC-V GCC/Newlib C Compiler
riscv64-unknown-elf-gcc -mabi=ilp32 -g3 -gdwarf-2 -march=rv32im -DUSE_PLIC -DMSCC_STDIO_THRU_CORE_UART_APB -I"C:\Users\cyril.jean\Documents\GitHub\SoftConsole\ExampleWorkspace\riscv-freertos-sample\FreeRTOS" -I"C:\Users\cyril.jean\Documents\GitHub\SoftConsole\ExampleWorkspace\riscv-freertos-sample\FreeRTOS\include" -I"C:\Users\cyril.jean\Documents\GitHub\SoftConsole\ExampleWorkspace\riscv-freertos-sample\FreeRTOS\portable" -I"C:\Users\cyril.jean\Documents\GitHub\SoftConsole\ExampleWorkspace\riscv-freertos-sample\FreeRTOS\portable\GCC" -I"C:\Users\cyril.jean\Documents\GitHub\SoftConsole\ExampleWorkspace\riscv-freertos-sample\FreeRTOS\portable\MemMang" -I"C:\Users\cyril.jean\Documents\GitHub\SoftConsole\ExampleWorkspace\riscv-freertos-sample\FreeRTOS\portable\GCC\RISCV" -I"C:\Users\cyril.jean\Documents\GitHub\SoftConsole\ExampleWorkspace\riscv-freertos-sample" -I"C:\Users\cyril.jean\Documents\GitHub\SoftConsole\ExampleWorkspace\riscv-freertos-sample\drivers\CoreGPIO" -I"C:\Users\cyril.jean\Documents\GitHub\SoftConsole\ExampleWorkspace\riscv-freertos-sample\drivers\Core16550" -I"C:\Users\cyril.jean\Documents\GitHub\SoftConsole\ExampleWorkspace\riscv-freertos-sample\drivers\CoreUARTapb" -I"C:\Users\cyril.jean\Documents\GitHub\SoftConsole\ExampleWorkspace\riscv-freertos-sample\drivers\CoreTimer" -I"C:\Users\cyril.jean\Documents\GitHub\SoftConsole\ExampleWorkspace\riscv-freertos-sample\hal" -I"C:\Users\cyril.jean\Documents\GitHub\SoftConsole\ExampleWorkspace\riscv-freertos-sample\riscv_hal" -O0 -ffunction-sections -fdata-sections -Wall -c -MMD -MP -MF"riscv_hal/riscv_hal_stubs.d" -MT"riscv_hal/riscv_hal_stubs.d" -o "riscv_hal/riscv_hal_stubs.o" "../riscv_hal/riscv_hal_stubs.c"
Finished building: ../riscv_hal/riscv_hal_stubs.c
 
Building file: ../riscv_hal/syscall.c
Invoking: RISC-V GCC/Newlib C Compiler
riscv64-unknown-elf-gcc -mabi=ilp32 -g3 -gdwarf-2 -march=rv32im -DUSE_PLIC -DMSCC_STDIO_THRU_CORE_UART_APB -I"C:\Users\cyril.jean\Documents\GitHub\SoftConsole\ExampleWorkspace\riscv-freertos-sample\FreeRTOS" -I"C:\Users\cyril.jean\Documents\GitHub\SoftConsole\ExampleWorkspace\riscv-freertos-sample\FreeRTOS\include" -I"C:\Users\cyril.jean\Documents\GitHub\SoftConsole\ExampleWorkspace\riscv-freertos-sample\FreeRTOS\portable" -I"C:\Users\cyril.jean\Documents\GitHub\SoftConsole\ExampleWorkspace\riscv-freertos-sample\FreeRTOS\portable\GCC" -I"C:\Users\cyril.jean\Documents\GitHub\SoftConsole\ExampleWorkspace\riscv-freertos-sample\FreeRTOS\portable\MemMang" -I"C:\Users\cyril.jean\Documents\GitHub\SoftConsole\ExampleWorkspace\riscv-freertos-sample\FreeRTOS\portable\GCC\RISCV" -I"C:\Users\cyril.jean\Documents\GitHub\SoftConsole\ExampleWorkspace\riscv-freertos-sample" -I"C:\Users\cyril.jean\Documents\GitHub\SoftConsole\ExampleWorkspace\riscv-freertos-sample\drivers\CoreGPIO" -I"C:\Users\cyril.jean\Documents\GitHub\SoftConsole\ExampleWorkspace\riscv-freertos-sample\drivers\Core16550" -I"C:\Users\cyril.jean\Documents\GitHub\SoftConsole\ExampleWorkspace\riscv-freertos-sample\drivers\CoreUARTapb" -I"C:\Users\cyril.jean\Documents\GitHub\SoftConsole\ExampleWorkspace\riscv-freertos-sample\drivers\CoreTimer" -I"C:\Users\cyril.jean\Documents\GitHub\SoftConsole\ExampleWorkspace\riscv-freertos-sample\hal" -I"C:\Users\cyril.jean\Documents\GitHub\SoftConsole\ExampleWorkspace\riscv-freertos-sample\riscv_hal" -O0 -ffunction-sections -fdata-sections -Wall -c -MMD -MP -MF"riscv_hal/syscall.d" -MT"riscv_hal/syscall.d" -o "riscv_hal/syscall.o" "../riscv_hal/syscall.c"
Finished building: ../riscv_hal/syscall.c
 
Building file: ../hal/hal_irq.c
Invoking: RISC-V GCC/Newlib C Compiler
riscv64-unknown-elf-gcc -mabi=ilp32 -g3 -gdwarf-2 -march=rv32im -DUSE_PLIC -DMSCC_STDIO_THRU_CORE_UART_APB -I"C:\Users\cyril.jean\Documents\GitHub\SoftConsole\ExampleWorkspace\riscv-freertos-sample\FreeRTOS" -I"C:\Users\cyril.jean\Documents\GitHub\SoftConsole\ExampleWorkspace\riscv-freertos-sample\FreeRTOS\include" -I"C:\Users\cyril.jean\Documents\GitHub\SoftConsole\ExampleWorkspace\riscv-freertos-sample\FreeRTOS\portable" -I"C:\Users\cyril.jean\Documents\GitHub\SoftConsole\ExampleWorkspace\riscv-freertos-sample\FreeRTOS\portable\GCC" -I"C:\Users\cyril.jean\Documents\GitHub\SoftConsole\ExampleWorkspace\riscv-freertos-sample\FreeRTOS\portable\MemMang" -I"C:\Users\cyril.jean\Documents\GitHub\SoftConsole\ExampleWorkspace\riscv-freertos-sample\FreeRTOS\portable\GCC\RISCV" -I"C:\Users\cyril.jean\Documents\GitHub\SoftConsole\ExampleWorkspace\riscv-freertos-sample" -I"C:\Users\cyril.jean\Documents\GitHub\SoftConsole\ExampleWorkspace\riscv-freertos-sample\drivers\CoreGPIO" -I"C:\Users\cyril.jean\Documents\GitHub\SoftConsole\ExampleWorkspace\riscv-freertos-sample\drivers\Core16550" -I"C:\Users\cyril.jean\Documents\GitHub\SoftConsole\ExampleWorkspace\riscv-freertos-sample\drivers\CoreUARTapb" -I"C:\Users\cyril.jean\Documents\GitHub\SoftConsole\ExampleWorkspace\riscv-freertos-sample\drivers\CoreTimer" -I"C:\Users\cyril.jean\Documents\GitHub\SoftConsole\ExampleWorkspace\riscv-freertos-sample\hal" -I"C:\Users\cyril.jean\Documents\GitHub\SoftConsole\ExampleWorkspace\riscv-freertos-sample\riscv_hal" -O0 -ffunction-sections -fdata-sections -Wall -c -MMD -MP -MF"hal/hal_irq.d" -MT"hal/hal_irq.d" -o "hal/hal_irq.o" "../hal/hal_irq.c"
Finished building: ../hal/hal_irq.c
 
Building file: ../hal/hw_reg_access.c
Invoking: RISC-V GCC/Newlib C Compiler
riscv64-unknown-elf-gcc -mabi=ilp32 -g3 -gdwarf-2 -march=rv32im -DUSE_PLIC -DMSCC_STDIO_THRU_CORE_UART_APB -I"C:\Users\cyril.jean\Documents\GitHub\SoftConsole\ExampleWorkspace\riscv-freertos-sample\FreeRTOS" -I"C:\Users\cyril.jean\Documents\GitHub\SoftConsole\ExampleWorkspace\riscv-freertos-sample\FreeRTOS\include" -I"C:\Users\cyril.jean\Documents\GitHub\SoftConsole\ExampleWorkspace\riscv-freertos-sample\FreeRTOS\portable" -I"C:\Users\cyril.jean\Documents\GitHub\SoftConsole\ExampleWorkspace\riscv-freertos-sample\FreeRTOS\portable\GCC" -I"C:\Users\cyril.jean\Documents\GitHub\SoftConsole\ExampleWorkspace\riscv-freertos-sample\FreeRTOS\portable\MemMang" -I"C:\Users\cyril.jean\Documents\GitHub\SoftConsole\ExampleWorkspace\riscv-freertos-sample\FreeRTOS\portable\GCC\RISCV" -I"C:\Users\cyril.jean\Documents\GitHub\SoftConsole\ExampleWorkspace\riscv-freertos-sample" -I"C:\Users\cyril.jean\Documents\GitHub\SoftConsole\ExampleWorkspace\riscv-freertos-sample\drivers\CoreGPIO" -I"C:\Users\cyril.jean\Documents\GitHub\SoftConsole\ExampleWorkspace\riscv-freertos-sample\drivers\Core16550" -I"C:\Users\cyril.jean\Documents\GitHub\SoftConsole\ExampleWorkspace\riscv-freertos-sample\drivers\CoreUARTapb" -I"C:\Users\cyril.jean\Documents\GitHub\SoftConsole\ExampleWorkspace\riscv-freertos-sample\drivers\CoreTimer" -I"C:\Users\cyril.jean\Documents\GitHub\SoftConsole\ExampleWorkspace\riscv-freertos-sample\hal" -I"C:\Users\cyril.jean\Documents\GitHub\SoftConsole\ExampleWorkspace\riscv-freertos-sample\riscv_hal" -O0 -ffunction-sections -fdata-sections -Wall -c -MMD -MP -MF"hal/hw_reg_access.d" -MT"hal/hw_reg_access.d" -o "hal/hw_reg_access.o" "../hal/hw_reg_access.c"
Finished building: ../hal/hw_reg_access.c
 
Building file: ../drivers/CoreUARTapb/core_uart_apb.c
Invoking: RISC-V GCC/Newlib C Compiler
riscv64-unknown-elf-gcc -mabi=ilp32 -g3 -gdwarf-2 -march=rv32im -DUSE_PLIC -DMSCC_STDIO_THRU_CORE_UART_APB -I"C:\Users\cyril.jean\Documents\GitHub\SoftConsole\ExampleWorkspace\riscv-freertos-sample\FreeRTOS" -I"C:\Users\cyril.jean\Documents\GitHub\SoftConsole\ExampleWorkspace\riscv-freertos-sample\FreeRTOS\include" -I"C:\Users\cyril.jean\Documents\GitHub\SoftConsole\ExampleWorkspace\riscv-freertos-sample\FreeRTOS\portable" -I"C:\Users\cyril.jean\Documents\GitHub\SoftConsole\ExampleWorkspace\riscv-freertos-sample\FreeRTOS\portable\GCC" -I"C:\Users\cyril.jean\Documents\GitHub\SoftConsole\ExampleWorkspace\riscv-freertos-sample\FreeRTOS\portable\MemMang" -I"C:\Users\cyril.jean\Documents\GitHub\SoftConsole\ExampleWorkspace\riscv-freertos-sample\FreeRTOS\portable\GCC\RISCV" -I"C:\Users\cyril.jean\Documents\GitHub\SoftConsole\ExampleWorkspace\riscv-freertos-sample" -I"C:\Users\cyril.jean\Documents\GitHub\SoftConsole\ExampleWorkspace\riscv-freertos-sample\drivers\CoreGPIO" -I"C:\Users\cyril.jean\Documents\GitHub\SoftConsole\ExampleWorkspace\riscv-freertos-sample\drivers\Core16550" -I"C:\Users\cyril.jean\Documents\GitHub\SoftConsole\ExampleWorkspace\riscv-freertos-sample\drivers\CoreUARTapb" -I"C:\Users\cyril.jean\Documents\GitHub\SoftConsole\ExampleWorkspace\riscv-freertos-sample\drivers\CoreTimer" -I"C:\Users\cyril.jean\Documents\GitHub\SoftConsole\ExampleWorkspace\riscv-freertos-sample\hal" -I"C:\Users\cyril.jean\Documents\GitHub\SoftConsole\ExampleWorkspace\riscv-freertos-sample\riscv_hal" -O0 -ffunction-sections -fdata-sections -Wall -c -MMD -MP -MF"drivers/CoreUARTapb/core_uart_apb.d" -MT"drivers/CoreUARTapb/core_uart_apb.d" -o "drivers/CoreUARTapb/core_uart_apb.o" "../drivers/CoreUARTapb/core_uart_apb.c"
Finished building: ../drivers/CoreUARTapb/core_uart_apb.c
 
Building file: ../drivers/CoreTimer/core_timer.c
Invoking: RISC-V GCC/Newlib C Compiler
riscv64-unknown-elf-gcc -mabi=ilp32 -g3 -gdwarf-2 -march=rv32im -DUSE_PLIC -DMSCC_STDIO_THRU_CORE_UART_APB -I"C:\Users\cyril.jean\Documents\GitHub\SoftConsole\ExampleWorkspace\riscv-freertos-sample\FreeRTOS" -I"C:\Users\cyril.jean\Documents\GitHub\SoftConsole\ExampleWorkspace\riscv-freertos-sample\FreeRTOS\include" -I"C:\Users\cyril.jean\Documents\GitHub\SoftConsole\ExampleWorkspace\riscv-freertos-sample\FreeRTOS\portable" -I"C:\Users\cyril.jean\Documents\GitHub\SoftConsole\ExampleWorkspace\riscv-freertos-sample\FreeRTOS\portable\GCC" -I"C:\Users\cyril.jean\Documents\GitHub\SoftConsole\ExampleWorkspace\riscv-freertos-sample\FreeRTOS\portable\MemMang" -I"C:\Users\cyril.jean\Documents\GitHub\SoftConsole\ExampleWorkspace\riscv-freertos-sample\FreeRTOS\portable\GCC\RISCV" -I"C:\Users\cyril.jean\Documents\GitHub\SoftConsole\ExampleWorkspace\riscv-freertos-sample" -I"C:\Users\cyril.jean\Documents\GitHub\SoftConsole\ExampleWorkspace\riscv-freertos-sample\drivers\CoreGPIO" -I"C:\Users\cyril.jean\Documents\GitHub\SoftConsole\ExampleWorkspace\riscv-freertos-sample\drivers\Core16550" -I"C:\Users\cyril.jean\Documents\GitHub\SoftConsole\ExampleWorkspace\riscv-freertos-sample\drivers\CoreUARTapb" -I"C:\Users\cyril.jean\Documents\GitHub\SoftConsole\ExampleWorkspace\riscv-freertos-sample\drivers\CoreTimer" -I"C:\Users\cyril.jean\Documents\GitHub\SoftConsole\ExampleWorkspace\riscv-freertos-sample\hal" -I"C:\Users\cyril.jean\Documents\GitHub\SoftConsole\ExampleWorkspace\riscv-freertos-sample\riscv_hal" -O0 -ffunction-sections -fdata-sections -Wall -c -MMD -MP -MF"drivers/CoreTimer/core_timer.d" -MT"drivers/CoreTimer/core_timer.d" -o "drivers/CoreTimer/core_timer.o" "../drivers/CoreTimer/core_timer.c"
Finished building: ../drivers/CoreTimer/core_timer.c
 
Building file: ../drivers/CoreI2C/core_i2c.c
Invoking: RISC-V GCC/Newlib C Compiler
riscv64-unknown-elf-gcc -mabi=ilp32 -g3 -gdwarf-2 -march=rv32im -DUSE_PLIC -DMSCC_STDIO_THRU_CORE_UART_APB -I"C:\Users\cyril.jean\Documents\GitHub\SoftConsole\ExampleWorkspace\riscv-freertos-sample\FreeRTOS" -I"C:\Users\cyril.jean\Documents\GitHub\SoftConsole\ExampleWorkspace\riscv-freertos-sample\FreeRTOS\include" -I"C:\Users\cyril.jean\Documents\GitHub\SoftConsole\ExampleWorkspace\riscv-freertos-sample\FreeRTOS\portable" -I"C:\Users\cyril.jean\Documents\GitHub\SoftConsole\ExampleWorkspace\riscv-freertos-sample\FreeRTOS\portable\GCC" -I"C:\Users\cyril.jean\Documents\GitHub\SoftConsole\ExampleWorkspace\riscv-freertos-sample\FreeRTOS\portable\MemMang" -I"C:\Users\cyril.jean\Documents\GitHub\SoftConsole\ExampleWorkspace\riscv-freertos-sample\FreeRTOS\portable\GCC\RISCV" -I"C:\Users\cyril.jean\Documents\GitHub\SoftConsole\ExampleWorkspace\riscv-freertos-sample" -I"C:\Users\cyril.jean\Documents\GitHub\SoftConsole\ExampleWorkspace\riscv-freertos-sample\drivers\CoreGPIO" -I"C:\Users\cyril.jean\Documents\GitHub\SoftConsole\ExampleWorkspace\riscv-freertos-sample\drivers\Core16550" -I"C:\Users\cyril.jean\Documents\GitHub\SoftConsole\ExampleWorkspace\riscv-freertos-sample\drivers\CoreUARTapb" -I"C:\Users\cyril.jean\Documents\GitHub\SoftConsole\ExampleWorkspace\riscv-freertos-sample\drivers\CoreTimer" -I"C:\Users\cyril.jean\Documents\GitHub\SoftConsole\ExampleWorkspace\riscv-freertos-sample\hal" -I"C:\Users\cyril.jean\Documents\GitHub\SoftConsole\ExampleWorkspace\riscv-freertos-sample\riscv_hal" -O0 -ffunction-sections -fdata-sections -Wall -c -MMD -MP -MF"drivers/CoreI2C/core_i2c.d" -MT"drivers/CoreI2C/core_i2c.d" -o "drivers/CoreI2C/core_i2c.o" "../drivers/CoreI2C/core_i2c.c"
Finished building: ../drivers/CoreI2C/core_i2c.c
 
Building file: ../drivers/CoreI2C/i2c_interrupt.c
Invoking: RISC-V GCC/Newlib C Compiler
riscv64-unknown-elf-gcc -mabi=ilp32 -g3 -gdwarf-2 -march=rv32im -DUSE_PLIC -DMSCC_STDIO_THRU_CORE_UART_APB -I"C:\Users\cyril.jean\Documents\GitHub\SoftConsole\ExampleWorkspace\riscv-freertos-sample\FreeRTOS" -I"C:\Users\cyril.jean\Documents\GitHub\SoftConsole\ExampleWorkspace\riscv-freertos-sample\FreeRTOS\include" -I"C:\Users\cyril.jean\Documents\GitHub\SoftConsole\ExampleWorkspace\riscv-freertos-sample\FreeRTOS\portable" -I"C:\Users\cyril.jean\Documents\GitHub\SoftConsole\ExampleWorkspace\riscv-freertos-sample\FreeRTOS\portable\GCC" -I"C:\Users\cyril.jean\Documents\GitHub\SoftConsole\ExampleWorkspace\riscv-freertos-sample\FreeRTOS\portable\MemMang" -I"C:\Users\cyril.jean\Documents\GitHub\SoftConsole\ExampleWorkspace\riscv-freertos-sample\FreeRTOS\portable\GCC\RISCV" -I"C:\Users\cyril.jean\Documents\GitHub\SoftConsole\ExampleWorkspace\riscv-freertos-sample" -I"C:\Users\cyril.jean\Documents\GitHub\SoftConsole\ExampleWorkspace\riscv-freertos-sample\drivers\CoreGPIO" -I"C:\Users\cyril.jean\Documents\GitHub\SoftConsole\ExampleWorkspace\riscv-freertos-sample\drivers\Core16550" -I"C:\Users\cyril.jean\Documents\GitHub\SoftConsole\ExampleWorkspace\riscv-freertos-sample\drivers\CoreUARTapb" -I"C:\Users\cyril.jean\Documents\GitHub\SoftConsole\ExampleWorkspace\riscv-freertos-sample\drivers\CoreTimer" -I"C:\Users\cyril.jean\Documents\GitHub\SoftConsole\ExampleWorkspace\riscv-freertos-sample\hal" -I"C:\Users\cyril.jean\Documents\GitHub\SoftConsole\ExampleWorkspace\riscv-freertos-sample\riscv_hal" -O0 -ffunction-sections -fdata-sections -Wall -c -MMD -MP -MF"drivers/CoreI2C/i2c_interrupt.d" -MT"drivers/CoreI2C/i2c_interrupt.d" -o "drivers/CoreI2C/i2c_interrupt.o" "../drivers/CoreI2C/i2c_interrupt.c"
Finished building: ../drivers/CoreI2C/i2c_interrupt.c
 
Building file: ../drivers/CoreGPIO/core_gpio.c
Invoking: RISC-V GCC/Newlib C Compiler
riscv64-unknown-elf-gcc -mabi=ilp32 -g3 -gdwarf-2 -march=rv32im -DUSE_PLIC -DMSCC_STDIO_THRU_CORE_UART_APB -I"C:\Users\cyril.jean\Documents\GitHub\SoftConsole\ExampleWorkspace\riscv-freertos-sample\FreeRTOS" -I"C:\Users\cyril.jean\Documents\GitHub\SoftConsole\ExampleWorkspace\riscv-freertos-sample\FreeRTOS\include" -I"C:\Users\cyril.jean\Documents\GitHub\SoftConsole\ExampleWorkspace\riscv-freertos-sample\FreeRTOS\portable" -I"C:\Users\cyril.jean\Documents\GitHub\SoftConsole\ExampleWorkspace\riscv-freertos-sample\FreeRTOS\portable\GCC" -I"C:\Users\cyril.jean\Documents\GitHub\SoftConsole\ExampleWorkspace\riscv-freertos-sample\FreeRTOS\portable\MemMang" -I"C:\Users\cyril.jean\Documents\GitHub\SoftConsole\ExampleWorkspace\riscv-freertos-sample\FreeRTOS\portable\GCC\RISCV" -I"C:\Users\cyril.jean\Documents\GitHub\SoftConsole\ExampleWorkspace\riscv-freertos-sample" -I"C:\Users\cyril.jean\Documents\GitHub\SoftConsole\ExampleWorkspace\riscv-freertos-sample\drivers\CoreGPIO" -I"C:\Users\cyril.jean\Documents\GitHub\SoftConsole\ExampleWorkspace\riscv-freertos-sample\drivers\Core16550" -I"C:\Users\cyril.jean\Documents\GitHub\SoftConsole\ExampleWorkspace\riscv-freertos-sample\drivers\CoreUARTapb" -I"C:\Users\cyril.jean\Documents\GitHub\SoftConsole\ExampleWorkspace\riscv-freertos-sample\drivers\CoreTimer" -I"C:\Users\cyril.jean\Documents\GitHub\SoftConsole\ExampleWorkspace\riscv-freertos-sample\hal" -I"C:\Users\cyril.jean\Documents\GitHub\SoftConsole\ExampleWorkspace\riscv-freertos-sample\riscv_hal" -O0 -ffunction-sections -fdata-sections -Wall -c -MMD -MP -MF"drivers/CoreGPIO/core_gpio.d" -MT"drivers/CoreGPIO/core_gpio.d" -o "drivers/CoreGPIO/core_gpio.o" "../drivers/CoreGPIO/core_gpio.c"
Finished building: ../drivers/CoreGPIO/core_gpio.c
 
Building file: ../drivers/Core16550/core_16550.c
Invoking: RISC-V GCC/Newlib C Compiler
riscv64-unknown-elf-gcc -mabi=ilp32 -g3 -gdwarf-2 -march=rv32im -DUSE_PLIC -DMSCC_STDIO_THRU_CORE_UART_APB -I"C:\Users\cyril.jean\Documents\GitHub\SoftConsole\ExampleWorkspace\riscv-freertos-sample\FreeRTOS" -I"C:\Users\cyril.jean\Documents\GitHub\SoftConsole\ExampleWorkspace\riscv-freertos-sample\FreeRTOS\include" -I"C:\Users\cyril.jean\Documents\GitHub\SoftConsole\ExampleWorkspace\riscv-freertos-sample\FreeRTOS\portable" -I"C:\Users\cyril.jean\Documents\GitHub\SoftConsole\ExampleWorkspace\riscv-freertos-sample\FreeRTOS\portable\GCC" -I"C:\Users\cyril.jean\Documents\GitHub\SoftConsole\ExampleWorkspace\riscv-freertos-sample\FreeRTOS\portable\MemMang" -I"C:\Users\cyril.jean\Documents\GitHub\SoftConsole\ExampleWorkspace\riscv-freertos-sample\FreeRTOS\portable\GCC\RISCV" -I"C:\Users\cyril.jean\Documents\GitHub\SoftConsole\ExampleWorkspace\riscv-freertos-sample" -I"C:\Users\cyril.jean\Documents\GitHub\SoftConsole\ExampleWorkspace\riscv-freertos-sample\drivers\CoreGPIO" -I"C:\Users\cyril.jean\Documents\GitHub\SoftConsole\ExampleWorkspace\riscv-freertos-sample\drivers\Core16550" -I"C:\Users\cyril.jean\Documents\GitHub\SoftConsole\ExampleWorkspace\riscv-freertos-sample\drivers\CoreUARTapb" -I"C:\Users\cyril.jean\Documents\GitHub\SoftConsole\ExampleWorkspace\riscv-freertos-sample\drivers\CoreTimer" -I"C:\Users\cyril.jean\Documents\GitHub\SoftConsole\ExampleWorkspace\riscv-freertos-sample\hal" -I"C:\Users\cyril.jean\Documents\GitHub\SoftConsole\ExampleWorkspace\riscv-freertos-sample\riscv_hal" -O0 -ffunction-sections -fdata-sections -Wall -c -MMD -MP -MF"drivers/Core16550/core_16550.d" -MT"drivers/Core16550/core_16550.d" -o "drivers/Core16550/core_16550.o" "../drivers/Core16550/core_16550.c"
Finished building: ../drivers/Core16550/core_16550.c
 
Building file: ../FreeRTOS/portable/MemMang/heap_3.c
Invoking: RISC-V GCC/Newlib C Compiler
riscv64-unknown-elf-gcc -mabi=ilp32 -g3 -gdwarf-2 -march=rv32im -DUSE_PLIC -DMSCC_STDIO_THRU_CORE_UART_APB -I"C:\Users\cyril.jean\Documents\GitHub\SoftConsole\ExampleWorkspace\riscv-freertos-sample\FreeRTOS" -I"C:\Users\cyril.jean\Documents\GitHub\SoftConsole\ExampleWorkspace\riscv-freertos-sample\FreeRTOS\include" -I"C:\Users\cyril.jean\Documents\GitHub\SoftConsole\ExampleWorkspace\riscv-freertos-sample\FreeRTOS\portable" -I"C:\Users\cyril.jean\Documents\GitHub\SoftConsole\ExampleWorkspace\riscv-freertos-sample\FreeRTOS\portable\GCC" -I"C:\Users\cyril.jean\Documents\GitHub\SoftConsole\ExampleWorkspace\riscv-freertos-sample\FreeRTOS\portable\MemMang" -I"C:\Users\cyril.jean\Documents\GitHub\SoftConsole\ExampleWorkspace\riscv-freertos-sample\FreeRTOS\portable\GCC\RISCV" -I"C:\Users\cyril.jean\Documents\GitHub\SoftConsole\ExampleWorkspace\riscv-freertos-sample" -I"C:\Users\cyril.jean\Documents\GitHub\SoftConsole\ExampleWorkspace\riscv-freertos-sample\drivers\CoreGPIO" -I"C:\Users\cyril.jean\Documents\GitHub\SoftConsole\ExampleWorkspace\riscv-freertos-sample\drivers\Core16550" -I"C:\Users\cyril.jean\Documents\GitHub\SoftConsole\ExampleWorkspace\riscv-freertos-sample\drivers\CoreUARTapb" -I"C:\Users\cyril.jean\Documents\GitHub\SoftConsole\ExampleWorkspace\riscv-freertos-sample\drivers\CoreTimer" -I"C:\Users\cyril.jean\Documents\GitHub\SoftConsole\ExampleWorkspace\riscv-freertos-sample\hal" -I"C:\Users\cyril.jean\Documents\GitHub\SoftConsole\ExampleWorkspace\riscv-freertos-sample\riscv_hal" -O0 -ffunction-sections -fdata-sections -Wall -c -MMD -MP -MF"FreeRTOS/portable/MemMang/heap_3.d" -MT"FreeRTOS/portable/MemMang/heap_3.d" -o "FreeRTOS/portable/MemMang/heap_3.o" "../FreeRTOS/portable/MemMang/heap_3.c"
Finished building: ../FreeRTOS/portable/MemMang/heap_3.c
 
Building file: ../FreeRTOS/portable/GCC/RISCV/port.c
Invoking: RISC-V GCC/Newlib C Compiler
riscv64-unknown-elf-gcc -mabi=ilp32 -g3 -gdwarf-2 -march=rv32im -DUSE_PLIC -DMSCC_STDIO_THRU_CORE_UART_APB -I"C:\Users\cyril.jean\Documents\GitHub\SoftConsole\ExampleWorkspace\riscv-freertos-sample\FreeRTOS" -I"C:\Users\cyril.jean\Documents\GitHub\SoftConsole\ExampleWorkspace\riscv-freertos-sample\FreeRTOS\include" -I"C:\Users\cyril.jean\Documents\GitHub\SoftConsole\ExampleWorkspace\riscv-freertos-sample\FreeRTOS\portable" -I"C:\Users\cyril.jean\Documents\GitHub\SoftConsole\ExampleWorkspace\riscv-freertos-sample\FreeRTOS\portable\GCC" -I"C:\Users\cyril.jean\Documents\GitHub\SoftConsole\ExampleWorkspace\riscv-freertos-sample\FreeRTOS\portable\MemMang" -I"C:\Users\cyril.jean\Documents\GitHub\SoftConsole\ExampleWorkspace\riscv-freertos-sample\FreeRTOS\portable\GCC\RISCV" -I"C:\Users\cyril.jean\Documents\GitHub\SoftConsole\ExampleWorkspace\riscv-freertos-sample" -I"C:\Users\cyril.jean\Documents\GitHub\SoftConsole\ExampleWorkspace\riscv-freertos-sample\drivers\CoreGPIO" -I"C:\Users\cyril.jean\Documents\GitHub\SoftConsole\ExampleWorkspace\riscv-freertos-sample\drivers\Core16550" -I"C:\Users\cyril.jean\Documents\GitHub\SoftConsole\ExampleWorkspace\riscv-freertos-sample\drivers\CoreUARTapb" -I"C:\Users\cyril.jean\Documents\GitHub\SoftConsole\ExampleWorkspace\riscv-freertos-sample\drivers\CoreTimer" -I"C:\Users\cyril.jean\Documents\GitHub\SoftConsole\ExampleWorkspace\riscv-freertos-sample\hal" -I"C:\Users\cyril.jean\Documents\GitHub\SoftConsole\ExampleWorkspace\riscv-freertos-sample\riscv_hal" -O0 -ffunction-sections -fdata-sections -Wall -c -MMD -MP -MF"FreeRTOS/portable/GCC/RISCV/port.d" -MT"FreeRTOS/portable/GCC/RISCV/port.d" -o "FreeRTOS/portable/GCC/RISCV/port.o" "../FreeRTOS/portable/GCC/RISCV/port.c"
Finished building: ../FreeRTOS/portable/GCC/RISCV/port.c
 
Building file: ../FreeRTOS/portable/GCC/RISCV/portasm.S
Invoking: RISC-V GCC/Newlib Assembler
riscv64-unknown-elf-gcc -mabi=ilp32 -g3 -gdwarf-2 -march=rv32im -x assembler-with-cpp -Wall -c -MMD -MP -MF"FreeRTOS/portable/GCC/RISCV/portasm.d" -MT"FreeRTOS/portable/GCC/RISCV/portasm.d" -Wa,-march=rv32im -o "FreeRTOS/portable/GCC/RISCV/portasm.o" "../FreeRTOS/portable/GCC/RISCV/portasm.S"
Finished building: ../FreeRTOS/portable/GCC/RISCV/portasm.S
 
Building file: ../FreeRTOS/croutine.c
Invoking: RISC-V GCC/Newlib C Compiler
riscv64-unknown-elf-gcc -mabi=ilp32 -g3 -gdwarf-2 -march=rv32im -DUSE_PLIC -DMSCC_STDIO_THRU_CORE_UART_APB -I"C:\Users\cyril.jean\Documents\GitHub\SoftConsole\ExampleWorkspace\riscv-freertos-sample\FreeRTOS" -I"C:\Users\cyril.jean\Documents\GitHub\SoftConsole\ExampleWorkspace\riscv-freertos-sample\FreeRTOS\include" -I"C:\Users\cyril.jean\Documents\GitHub\SoftConsole\ExampleWorkspace\riscv-freertos-sample\FreeRTOS\portable" -I"C:\Users\cyril.jean\Documents\GitHub\SoftConsole\ExampleWorkspace\riscv-freertos-sample\FreeRTOS\portable\GCC" -I"C:\Users\cyril.jean\Documents\GitHub\SoftConsole\ExampleWorkspace\riscv-freertos-sample\FreeRTOS\portable\MemMang" -I"C:\Users\cyril.jean\Documents\GitHub\SoftConsole\ExampleWorkspace\riscv-freertos-sample\FreeRTOS\portable\GCC\RISCV" -I"C:\Users\cyril.jean\Documents\GitHub\SoftConsole\ExampleWorkspace\riscv-freertos-sample" -I"C:\Users\cyril.jean\Documents\GitHub\SoftConsole\ExampleWorkspace\riscv-freertos-sample\drivers\CoreGPIO" -I"C:\Users\cyril.jean\Documents\GitHub\SoftConsole\ExampleWorkspace\riscv-freertos-sample\drivers\Core16550" -I"C:\Users\cyril.jean\Documents\GitHub\SoftConsole\ExampleWorkspace\riscv-freertos-sample\drivers\CoreUARTapb" -I"C:\Users\cyril.jean\Documents\GitHub\SoftConsole\ExampleWorkspace\riscv-freertos-sample\drivers\CoreTimer" -I"C:\Users\cyril.jean\Documents\GitHub\SoftConsole\ExampleWorkspace\riscv-freertos-sample\hal" -I"C:\Users\cyril.jean\Documents\GitHub\SoftConsole\ExampleWorkspace\riscv-freertos-sample\riscv_hal" -O0 -ffunction-sections -fdata-sections -Wall -c -MMD -MP -MF"FreeRTOS/croutine.d" -MT"FreeRTOS/croutine.d" -o "FreeRTOS/croutine.o" "../FreeRTOS/croutine.c"
Finished building: ../FreeRTOS/croutine.c
 
Building file: ../FreeRTOS/event_groups.c
Invoking: RISC-V GCC/Newlib C Compiler
riscv64-unknown-elf-gcc -mabi=ilp32 -g3 -gdwarf-2 -march=rv32im -DUSE_PLIC -DMSCC_STDIO_THRU_CORE_UART_APB -I"C:\Users\cyril.jean\Documents\GitHub\SoftConsole\ExampleWorkspace\riscv-freertos-sample\FreeRTOS" -I"C:\Users\cyril.jean\Documents\GitHub\SoftConsole\ExampleWorkspace\riscv-freertos-sample\FreeRTOS\include" -I"C:\Users\cyril.jean\Documents\GitHub\SoftConsole\ExampleWorkspace\riscv-freertos-sample\FreeRTOS\portable" -I"C:\Users\cyril.jean\Documents\GitHub\SoftConsole\ExampleWorkspace\riscv-freertos-sample\FreeRTOS\portable\GCC" -I"C:\Users\cyril.jean\Documents\GitHub\SoftConsole\ExampleWorkspace\riscv-freertos-sample\FreeRTOS\portable\MemMang" -I"C:\Users\cyril.jean\Documents\GitHub\SoftConsole\ExampleWorkspace\riscv-freertos-sample\FreeRTOS\portable\GCC\RISCV" -I"C:\Users\cyril.jean\Documents\GitHub\SoftConsole\ExampleWorkspace\riscv-freertos-sample" -I"C:\Users\cyril.jean\Documents\GitHub\SoftConsole\ExampleWorkspace\riscv-freertos-sample\drivers\CoreGPIO" -I"C:\Users\cyril.jean\Documents\GitHub\SoftConsole\ExampleWorkspace\riscv-freertos-sample\drivers\Core16550" -I"C:\Users\cyril.jean\Documents\GitHub\SoftConsole\ExampleWorkspace\riscv-freertos-sample\drivers\CoreUARTapb" -I"C:\Users\cyril.jean\Documents\GitHub\SoftConsole\ExampleWorkspace\riscv-freertos-sample\drivers\CoreTimer" -I"C:\Users\cyril.jean\Documents\GitHub\SoftConsole\ExampleWorkspace\riscv-freertos-sample\hal" -I"C:\Users\cyril.jean\Documents\GitHub\SoftConsole\ExampleWorkspace\riscv-freertos-sample\riscv_hal" -O0 -ffunction-sections -fdata-sections -Wall -c -MMD -MP -MF"FreeRTOS/event_groups.d" -MT"FreeRTOS/event_groups.d" -o "FreeRTOS/event_groups.o" "../FreeRTOS/event_groups.c"
Finished building: ../FreeRTOS/event_groups.c
 
Building file: ../FreeRTOS/list.c
Invoking: RISC-V GCC/Newlib C Compiler
riscv64-unknown-elf-gcc -mabi=ilp32 -g3 -gdwarf-2 -march=rv32im -DUSE_PLIC -DMSCC_STDIO_THRU_CORE_UART_APB -I"C:\Users\cyril.jean\Documents\GitHub\SoftConsole\ExampleWorkspace\riscv-freertos-sample\FreeRTOS" -I"C:\Users\cyril.jean\Documents\GitHub\SoftConsole\ExampleWorkspace\riscv-freertos-sample\FreeRTOS\include" -I"C:\Users\cyril.jean\Documents\GitHub\SoftConsole\ExampleWorkspace\riscv-freertos-sample\FreeRTOS\portable" -I"C:\Users\cyril.jean\Documents\GitHub\SoftConsole\ExampleWorkspace\riscv-freertos-sample\FreeRTOS\portable\GCC" -I"C:\Users\cyril.jean\Documents\GitHub\SoftConsole\ExampleWorkspace\riscv-freertos-sample\FreeRTOS\portable\MemMang" -I"C:\Users\cyril.jean\Documents\GitHub\SoftConsole\ExampleWorkspace\riscv-freertos-sample\FreeRTOS\portable\GCC\RISCV" -I"C:\Users\cyril.jean\Documents\GitHub\SoftConsole\ExampleWorkspace\riscv-freertos-sample" -I"C:\Users\cyril.jean\Documents\GitHub\SoftConsole\ExampleWorkspace\riscv-freertos-sample\drivers\CoreGPIO" -I"C:\Users\cyril.jean\Documents\GitHub\SoftConsole\ExampleWorkspace\riscv-freertos-sample\drivers\Core16550" -I"C:\Users\cyril.jean\Documents\GitHub\SoftConsole\ExampleWorkspace\riscv-freertos-sample\drivers\CoreUARTapb" -I"C:\Users\cyril.jean\Documents\GitHub\SoftConsole\ExampleWorkspace\riscv-freertos-sample\drivers\CoreTimer" -I"C:\Users\cyril.jean\Documents\GitHub\SoftConsole\ExampleWorkspace\riscv-freertos-sample\hal" -I"C:\Users\cyril.jean\Documents\GitHub\SoftConsole\ExampleWorkspace\riscv-freertos-sample\riscv_hal" -O0 -ffunction-sections -fdata-sections -Wall -c -MMD -MP -MF"FreeRTOS/list.d" -MT"FreeRTOS/list.d" -o "FreeRTOS/list.o" "../FreeRTOS/list.c"
Finished building: ../FreeRTOS/list.c
 
Building file: ../FreeRTOS/queue.c
Invoking: RISC-V GCC/Newlib C Compiler
riscv64-unknown-elf-gcc -mabi=ilp32 -g3 -gdwarf-2 -march=rv32im -DUSE_PLIC -DMSCC_STDIO_THRU_CORE_UART_APB -I"C:\Users\cyril.jean\Documents\GitHub\SoftConsole\ExampleWorkspace\riscv-freertos-sample\FreeRTOS" -I"C:\Users\cyril.jean\Documents\GitHub\SoftConsole\ExampleWorkspace\riscv-freertos-sample\FreeRTOS\include" -I"C:\Users\cyril.jean\Documents\GitHub\SoftConsole\ExampleWorkspace\riscv-freertos-sample\FreeRTOS\portable" -I"C:\Users\cyril.jean\Documents\GitHub\SoftConsole\ExampleWorkspace\riscv-freertos-sample\FreeRTOS\portable\GCC" -I"C:\Users\cyril.jean\Documents\GitHub\SoftConsole\ExampleWorkspace\riscv-freertos-sample\FreeRTOS\portable\MemMang" -I"C:\Users\cyril.jean\Documents\GitHub\SoftConsole\ExampleWorkspace\riscv-freertos-sample\FreeRTOS\portable\GCC\RISCV" -I"C:\Users\cyril.jean\Documents\GitHub\SoftConsole\ExampleWorkspace\riscv-freertos-sample" -I"C:\Users\cyril.jean\Documents\GitHub\SoftConsole\ExampleWorkspace\riscv-freertos-sample\drivers\CoreGPIO" -I"C:\Users\cyril.jean\Documents\GitHub\SoftConsole\ExampleWorkspace\riscv-freertos-sample\drivers\Core16550" -I"C:\Users\cyril.jean\Documents\GitHub\SoftConsole\ExampleWorkspace\riscv-freertos-sample\drivers\CoreUARTapb" -I"C:\Users\cyril.jean\Documents\GitHub\SoftConsole\ExampleWorkspace\riscv-freertos-sample\drivers\CoreTimer" -I"C:\Users\cyril.jean\Documents\GitHub\SoftConsole\ExampleWorkspace\riscv-freertos-sample\hal" -I"C:\Users\cyril.jean\Documents\GitHub\SoftConsole\ExampleWorkspace\riscv-freertos-sample\riscv_hal" -O0 -ffunction-sections -fdata-sections -Wall -c -MMD -MP -MF"FreeRTOS/queue.d" -MT"FreeRTOS/queue.d" -o "FreeRTOS/queue.o" "../FreeRTOS/queue.c"
Finished building: ../FreeRTOS/queue.c
 
Building file: ../FreeRTOS/string.c
Invoking: RISC-V GCC/Newlib C Compiler
riscv64-unknown-elf-gcc -mabi=ilp32 -g3 -gdwarf-2 -march=rv32im -DUSE_PLIC -DMSCC_STDIO_THRU_CORE_UART_APB -I"C:\Users\cyril.jean\Documents\GitHub\SoftConsole\ExampleWorkspace\riscv-freertos-sample\FreeRTOS" -I"C:\Users\cyril.jean\Documents\GitHub\SoftConsole\ExampleWorkspace\riscv-freertos-sample\FreeRTOS\include" -I"C:\Users\cyril.jean\Documents\GitHub\SoftConsole\ExampleWorkspace\riscv-freertos-sample\FreeRTOS\portable" -I"C:\Users\cyril.jean\Documents\GitHub\SoftConsole\ExampleWorkspace\riscv-freertos-sample\FreeRTOS\portable\GCC" -I"C:\Users\cyril.jean\Documents\GitHub\SoftConsole\ExampleWorkspace\riscv-freertos-sample\FreeRTOS\portable\MemMang" -I"C:\Users\cyril.jean\Documents\GitHub\SoftConsole\ExampleWorkspace\riscv-freertos-sample\FreeRTOS\portable\GCC\RISCV" -I"C:\Users\cyril.jean\Documents\GitHub\SoftConsole\ExampleWorkspace\riscv-freertos-sample" -I"C:\Users\cyril.jean\Documents\GitHub\SoftConsole\ExampleWorkspace\riscv-freertos-sample\drivers\CoreGPIO" -I"C:\Users\cyril.jean\Documents\GitHub\SoftConsole\ExampleWorkspace\riscv-freertos-sample\drivers\Core16550" -I"C:\Users\cyril.jean\Documents\GitHub\SoftConsole\ExampleWorkspace\riscv-freertos-sample\drivers\CoreUARTapb" -I"C:\Users\cyril.jean\Documents\GitHub\SoftConsole\ExampleWorkspace\riscv-freertos-sample\drivers\CoreTimer" -I"C:\Users\cyril.jean\Documents\GitHub\SoftConsole\ExampleWorkspace\riscv-freertos-sample\hal" -I"C:\Users\cyril.jean\Documents\GitHub\SoftConsole\ExampleWorkspace\riscv-freertos-sample\riscv_hal" -O0 -ffunction-sections -fdata-sections -Wall -c -MMD -MP -MF"FreeRTOS/string.d" -MT"FreeRTOS/string.d" -o "FreeRTOS/string.o" "../FreeRTOS/string.c"
Finished building: ../FreeRTOS/string.c
 
Building file: ../FreeRTOS/tasks.c
Invoking: RISC-V GCC/Newlib C Compiler
riscv64-unknown-elf-gcc -mabi=ilp32 -g3 -gdwarf-2 -march=rv32im -DUSE_PLIC -DMSCC_STDIO_THRU_CORE_UART_APB -I"C:\Users\cyril.jean\Documents\GitHub\SoftConsole\ExampleWorkspace\riscv-freertos-sample\FreeRTOS" -I"C:\Users\cyril.jean\Documents\GitHub\SoftConsole\ExampleWorkspace\riscv-freertos-sample\FreeRTOS\include" -I"C:\Users\cyril.jean\Documents\GitHub\SoftConsole\ExampleWorkspace\riscv-freertos-sample\FreeRTOS\portable" -I"C:\Users\cyril.jean\Documents\GitHub\SoftConsole\ExampleWorkspace\riscv-freertos-sample\FreeRTOS\portable\GCC" -I"C:\Users\cyril.jean\Documents\GitHub\SoftConsole\ExampleWorkspace\riscv-freertos-sample\FreeRTOS\portable\MemMang" -I"C:\Users\cyril.jean\Documents\GitHub\SoftConsole\ExampleWorkspace\riscv-freertos-sample\FreeRTOS\portable\GCC\RISCV" -I"C:\Users\cyril.jean\Documents\GitHub\SoftConsole\ExampleWorkspace\riscv-freertos-sample" -I"C:\Users\cyril.jean\Documents\GitHub\SoftConsole\ExampleWorkspace\riscv-freertos-sample\drivers\CoreGPIO" -I"C:\Users\cyril.jean\Documents\GitHub\SoftConsole\ExampleWorkspace\riscv-freertos-sample\drivers\Core16550" -I"C:\Users\cyril.jean\Documents\GitHub\SoftConsole\ExampleWorkspace\riscv-freertos-sample\drivers\CoreUARTapb" -I"C:\Users\cyril.jean\Documents\GitHub\SoftConsole\ExampleWorkspace\riscv-freertos-sample\drivers\CoreTimer" -I"C:\Users\cyril.jean\Documents\GitHub\SoftConsole\ExampleWorkspace\riscv-freertos-sample\hal" -I"C:\Users\cyril.jean\Documents\GitHub\SoftConsole\ExampleWorkspace\riscv-freertos-sample\riscv_hal" -O0 -ffunction-sections -fdata-sections -Wall -c -MMD -MP -MF"FreeRTOS/tasks.d" -MT"FreeRTOS/tasks.d" -o "FreeRTOS/tasks.o" "../FreeRTOS/tasks.c"
Finished building: ../FreeRTOS/tasks.c
 
Building file: ../FreeRTOS/timers.c
Invoking: RISC-V GCC/Newlib C Compiler
riscv64-unknown-elf-gcc -mabi=ilp32 -g3 -gdwarf-2 -march=rv32im -DUSE_PLIC -DMSCC_STDIO_THRU_CORE_UART_APB -I"C:\Users\cyril.jean\Documents\GitHub\SoftConsole\ExampleWorkspace\riscv-freertos-sample\FreeRTOS" -I"C:\Users\cyril.jean\Documents\GitHub\SoftConsole\ExampleWorkspace\riscv-freertos-sample\FreeRTOS\include" -I"C:\Users\cyril.jean\Documents\GitHub\SoftConsole\ExampleWorkspace\riscv-freertos-sample\FreeRTOS\portable" -I"C:\Users\cyril.jean\Documents\GitHub\SoftConsole\ExampleWorkspace\riscv-freertos-sample\FreeRTOS\portable\GCC" -I"C:\Users\cyril.jean\Documents\GitHub\SoftConsole\ExampleWorkspace\riscv-freertos-sample\FreeRTOS\portable\MemMang" -I"C:\Users\cyril.jean\Documents\GitHub\SoftConsole\ExampleWorkspace\riscv-freertos-sample\FreeRTOS\portable\GCC\RISCV" -I"C:\Users\cyril.jean\Documents\GitHub\SoftConsole\ExampleWorkspace\riscv-freertos-sample" -I"C:\Users\cyril.jean\Documents\GitHub\SoftConsole\ExampleWorkspace\riscv-freertos-sample\drivers\CoreGPIO" -I"C:\Users\cyril.jean\Documents\GitHub\SoftConsole\ExampleWorkspace\riscv-freertos-sample\drivers\Core16550" -I"C:\Users\cyril.jean\Documents\GitHub\SoftConsole\ExampleWorkspace\riscv-freertos-sample\drivers\CoreUARTapb" -I"C:\Users\cyril.jean\Documents\GitHub\SoftConsole\ExampleWorkspace\riscv-freertos-sample\drivers\CoreTimer" -I"C:\Users\cyril.jean\Documents\GitHub\SoftConsole\ExampleWorkspace\riscv-freertos-sample\hal" -I"C:\Users\cyril.jean\Documents\GitHub\SoftConsole\ExampleWorkspace\riscv-freertos-sample\riscv_hal" -O0 -ffunction-sections -fdata-sections -Wall -c -MMD -MP -MF"FreeRTOS/timers.d" -MT"FreeRTOS/timers.d" -o "FreeRTOS/timers.o" "../FreeRTOS/timers.c"
Finished building: ../FreeRTOS/timers.c
 
Building file: ../main.c
Invoking: RISC-V GCC/Newlib C Compiler
riscv64-unknown-elf-gcc -mabi=ilp32 -g3 -gdwarf-2 -march=rv32im -DUSE_PLIC -DMSCC_STDIO_THRU_CORE_UART_APB -I"C:\Users\cyril.jean\Documents\GitHub\SoftConsole\ExampleWorkspace\riscv-freertos-sample\FreeRTOS" -I"C:\Users\cyril.jean\Documents\GitHub\SoftConsole\ExampleWorkspace\riscv-freertos-sample\FreeRTOS\include" -I"C:\Users\cyril.jean\Documents\GitHub\SoftConsole\ExampleWorkspace\riscv-freertos-sample\FreeRTOS\portable" -I"C:\Users\cyril.jean\Documents\GitHub\SoftConsole\ExampleWorkspace\riscv-freertos-sample\FreeRTOS\portable\GCC" -I"C:\Users\cyril.jean\Documents\GitHub\SoftConsole\ExampleWorkspace\riscv-freertos-sample\FreeRTOS\portable\MemMang" -I"C:\Users\cyril.jean\Documents\GitHub\SoftConsole\ExampleWorkspace\riscv-freertos-sample\FreeRTOS\portable\GCC\RISCV" -I"C:\Users\cyril.jean\Documents\GitHub\SoftConsole\ExampleWorkspace\riscv-freertos-sample" -I"C:\Users\cyril.jean\Documents\GitHub\SoftConsole\ExampleWorkspace\riscv-freertos-sample\drivers\CoreGPIO" -I"C:\Users\cyril.jean\Documents\GitHub\SoftConsole\ExampleWorkspace\riscv-freertos-sample\drivers\Core16550" -I"C:\Users\cyril.jean\Documents\GitHub\SoftConsole\ExampleWorkspace\riscv-freertos-sample\drivers\CoreUARTapb" -I"C:\Users\cyril.jean\Documents\GitHub\SoftConsole\ExampleWorkspace\riscv-freertos-sample\drivers\CoreTimer" -I"C:\Users\cyril.jean\Documents\GitHub\SoftConsole\ExampleWorkspace\riscv-freertos-sample\hal" -I"C:\Users\cyril.jean\Documents\GitHub\SoftConsole\ExampleWorkspace\riscv-freertos-sample\riscv_hal" -O0 -ffunction-sections -fdata-sections -Wall -c -MMD -MP -MF"main.d" -MT"main.d" -o "main.o" "../main.c"
Finished building: ../main.c
 
Building target: riscv-freertos-sample.elf
Invoking: RISC-V GCC/Newlib C Linker
riscv64-unknown-elf-gcc -mabi=ilp32 -g3 -gdwarf-2 -march=rv32im -T"../riscv_hal/microsemi-riscv-ram.ld" -nostartfiles -Wl,--gc-sections -Wl,-Map,riscv-freertos-sample.map -o "riscv-freertos-sample.elf"  ./riscv_hal/entry.o ./riscv_hal/init.o ./riscv_hal/riscv_hal.o ./riscv_hal/riscv_hal_stubs.o ./riscv_hal/syscall.o  ./hal/hal_irq.o ./hal/hw_reg_access.o  ./drivers/CoreUARTapb/core_uart_apb.o  ./drivers/CoreTimer/core_timer.o  ./drivers/CoreI2C/core_i2c.o ./drivers/CoreI2C/i2c_interrupt.o  ./drivers/CoreGPIO/core_gpio.o  ./drivers/Core16550/core_16550.o  ./FreeRTOS/portable/MemMang/heap_3.o  ./FreeRTOS/portable/GCC/RISCV/port.o ./FreeRTOS/portable/GCC/RISCV/portasm.o  ./FreeRTOS/croutine.o ./FreeRTOS/event_groups.o ./FreeRTOS/list.o ./FreeRTOS/queue.o ./FreeRTOS/string.o ./FreeRTOS/tasks.o ./FreeRTOS/timers.o  ./main.o   
Finished building target: riscv-freertos-sample.elf
 
Invoking: RISC-V GCC/Newlib GNU Create Flash Image
riscv64-unknown-elf-objcopy -O ihex riscv-freertos-sample.elf  "riscv-freertos-sample.hex"
Finished building: riscv-freertos-sample.hex
 
Invoking: RISC-V GCC/Newlib Create Listing
riscv64-unknown-elf-objdump -h -S riscv-freertos-sample.elf > "riscv-freertos-sample.lst"
Finished building: riscv-freertos-sample.lst
 
Invoking: RISC-V GCC/Newlib Print Size
riscv64-unknown-elf-size --format=berkeley "riscv-freertos-sample.elf"
   text	   data	    bss	    dec	    hex	filename
  13952	   2256	  66032	  82240	  14140	riscv-freertos-sample.elf
Finished building: riscv-freertos-sample.siz
 

14:52:13 Build Finished (took 9s.52ms)

