Archive member included to satisfy reference by file (symbol)

c:/microsemi/softconsole_v5.1/riscv-unknown-elf-gcc/bin/../lib/gcc/riscv64-unknown-elf/7.1.0/../../../../riscv64-unknown-elf/lib/rv32im/ilp32\libc.a(lib_a-exit.o)
                              ./riscv_hal/init.o (exit)
c:/microsemi/softconsole_v5.1/riscv-unknown-elf-gcc/bin/../lib/gcc/riscv64-unknown-elf/7.1.0/../../../../riscv64-unknown-elf/lib/rv32im/ilp32\libc.a(lib_a-impure.o)
                              c:/microsemi/softconsole_v5.1/riscv-unknown-elf-gcc/bin/../lib/gcc/riscv64-unknown-elf/7.1.0/../../../../riscv64-unknown-elf/lib/rv32im/ilp32\libc.a(lib_a-exit.o) (_global_impure_ptr)
c:/microsemi/softconsole_v5.1/riscv-unknown-elf-gcc/bin/../lib/gcc/riscv64-unknown-elf/7.1.0/../../../../riscv64-unknown-elf/lib/rv32im/ilp32\libc.a(lib_a-__call_atexit.o)
                              c:/microsemi/softconsole_v5.1/riscv-unknown-elf-gcc/bin/../lib/gcc/riscv64-unknown-elf/7.1.0/../../../../riscv64-unknown-elf/lib/rv32im/ilp32\libc.a(lib_a-exit.o) (__call_exitprocs)

Allocating common symbols
Common symbol       size              file

g_timer0            0x4               ./main.o
g_gpio1             0x8               ./main.o
errno               0x4               ./riscv_hal/syscall.o
g_timer1            0x4               ./main.o
g_uart              0x8               ./main.o
fromhost            0x8               ./riscv_hal/syscall.o
tohost              0x8               ./riscv_hal/syscall.o
g_gpio0             0x8               ./main.o
g_state             0x4               ./main.o

Discarded input sections

 .text          0x0000000000000000        0x0 ./riscv_hal/entry.o
 .data          0x0000000000000000        0x0 ./riscv_hal/entry.o
 .bss           0x0000000000000000        0x0 ./riscv_hal/entry.o
 .group         0x0000000000000000        0x8 ./riscv_hal/init.o
 .group         0x0000000000000000        0x8 ./riscv_hal/init.o
 .group         0x0000000000000000        0x8 ./riscv_hal/init.o
 .group         0x0000000000000000        0x8 ./riscv_hal/init.o
 .group         0x0000000000000000        0x8 ./riscv_hal/init.o
 .group         0x0000000000000000        0x8 ./riscv_hal/init.o
 .group         0x0000000000000000        0x8 ./riscv_hal/init.o
 .group         0x0000000000000000        0x8 ./riscv_hal/init.o
 .group         0x0000000000000000        0x8 ./riscv_hal/init.o
 .group         0x0000000000000000        0x8 ./riscv_hal/init.o
 .group         0x0000000000000000        0x8 ./riscv_hal/init.o
 .group         0x0000000000000000        0x8 ./riscv_hal/init.o
 .group         0x0000000000000000        0x8 ./riscv_hal/init.o
 .group         0x0000000000000000        0x8 ./riscv_hal/init.o
 .group         0x0000000000000000        0x8 ./riscv_hal/init.o
 .group         0x0000000000000000        0x8 ./riscv_hal/init.o
 .group         0x0000000000000000        0x8 ./riscv_hal/init.o
 .group         0x0000000000000000        0x8 ./riscv_hal/init.o
 .group         0x0000000000000000        0x8 ./riscv_hal/init.o
 .group         0x0000000000000000        0x8 ./riscv_hal/init.o
 .group         0x0000000000000000        0x8 ./riscv_hal/init.o
 .group         0x0000000000000000        0x8 ./riscv_hal/init.o
 .group         0x0000000000000000        0x8 ./riscv_hal/init.o
 .group         0x0000000000000000        0x8 ./riscv_hal/init.o
 .group         0x0000000000000000        0x8 ./riscv_hal/init.o
 .group         0x0000000000000000        0x8 ./riscv_hal/init.o
 .group         0x0000000000000000        0x8 ./riscv_hal/init.o
 .group         0x0000000000000000        0x8 ./riscv_hal/init.o
 .group         0x0000000000000000        0x8 ./riscv_hal/init.o
 .text          0x0000000000000000        0x0 ./riscv_hal/init.o
 .data          0x0000000000000000        0x0 ./riscv_hal/init.o
 .bss           0x0000000000000000        0x0 ./riscv_hal/init.o
 .group         0x0000000000000000        0x8 ./riscv_hal/riscv_hal.o
 .group         0x0000000000000000        0x8 ./riscv_hal/riscv_hal.o
 .group         0x0000000000000000        0x8 ./riscv_hal/riscv_hal.o
 .group         0x0000000000000000        0x8 ./riscv_hal/riscv_hal.o
 .group         0x0000000000000000        0x8 ./riscv_hal/riscv_hal.o
 .group         0x0000000000000000        0x8 ./riscv_hal/riscv_hal.o
 .group         0x0000000000000000        0x8 ./riscv_hal/riscv_hal.o
 .group         0x0000000000000000        0x8 ./riscv_hal/riscv_hal.o
 .group         0x0000000000000000        0x8 ./riscv_hal/riscv_hal.o
 .group         0x0000000000000000        0x8 ./riscv_hal/riscv_hal.o
 .group         0x0000000000000000        0x8 ./riscv_hal/riscv_hal.o
 .group         0x0000000000000000        0x8 ./riscv_hal/riscv_hal.o
 .group         0x0000000000000000        0x8 ./riscv_hal/riscv_hal.o
 .group         0x0000000000000000        0x8 ./riscv_hal/riscv_hal.o
 .group         0x0000000000000000        0x8 ./riscv_hal/riscv_hal.o
 .group         0x0000000000000000        0x8 ./riscv_hal/riscv_hal.o
 .group         0x0000000000000000        0x8 ./riscv_hal/riscv_hal.o
 .group         0x0000000000000000        0x8 ./riscv_hal/riscv_hal.o
 .group         0x0000000000000000        0x8 ./riscv_hal/riscv_hal.o
 .group         0x0000000000000000        0x8 ./riscv_hal/riscv_hal.o
 .group         0x0000000000000000        0x8 ./riscv_hal/riscv_hal.o
 .group         0x0000000000000000        0x8 ./riscv_hal/riscv_hal.o
 .group         0x0000000000000000        0x8 ./riscv_hal/riscv_hal.o
 .group         0x0000000000000000        0x8 ./riscv_hal/riscv_hal.o
 .group         0x0000000000000000        0x8 ./riscv_hal/riscv_hal.o
 .group         0x0000000000000000        0x8 ./riscv_hal/riscv_hal.o
 .group         0x0000000000000000        0x8 ./riscv_hal/riscv_hal.o
 .group         0x0000000000000000        0x8 ./riscv_hal/riscv_hal.o
 .group         0x0000000000000000        0x8 ./riscv_hal/riscv_hal.o
 .group         0x0000000000000000        0x8 ./riscv_hal/riscv_hal.o
 .group         0x0000000000000000        0x8 ./riscv_hal/riscv_hal.o
 .text          0x0000000000000000        0x0 ./riscv_hal/riscv_hal.o
 .data          0x0000000000000000        0x0 ./riscv_hal/riscv_hal.o
 .bss           0x0000000000000000        0x0 ./riscv_hal/riscv_hal.o
 .text.__disable_irq
                0x0000000000000000       0x30 ./riscv_hal/riscv_hal.o
 .text.SysTick_Config
                0x0000000000000000       0xf8 ./riscv_hal/riscv_hal.o
 .debug_macro   0x0000000000000000      0x742 ./riscv_hal/riscv_hal.o
 .debug_macro   0x0000000000000000       0x22 ./riscv_hal/riscv_hal.o
 .debug_macro   0x0000000000000000       0x46 ./riscv_hal/riscv_hal.o
 .debug_macro   0x0000000000000000       0x8d ./riscv_hal/riscv_hal.o
 .debug_macro   0x0000000000000000       0x34 ./riscv_hal/riscv_hal.o
 .debug_macro   0x0000000000000000       0x9c ./riscv_hal/riscv_hal.o
 .debug_macro   0x0000000000000000       0x16 ./riscv_hal/riscv_hal.o
 .debug_macro   0x0000000000000000      0x10e ./riscv_hal/riscv_hal.o
 .debug_macro   0x0000000000000000       0x8d ./riscv_hal/riscv_hal.o
 .debug_macro   0x0000000000000000       0x4a ./riscv_hal/riscv_hal.o
 .debug_macro   0x0000000000000000       0x3a ./riscv_hal/riscv_hal.o
 .debug_macro   0x0000000000000000       0x52 ./riscv_hal/riscv_hal.o
 .debug_macro   0x0000000000000000       0x43 ./riscv_hal/riscv_hal.o
 .debug_macro   0x0000000000000000      0x187 ./riscv_hal/riscv_hal.o
 .debug_macro   0x0000000000000000      0x30d ./riscv_hal/riscv_hal.o
 .debug_macro   0x0000000000000000       0x16 ./riscv_hal/riscv_hal.o
 .debug_macro   0x0000000000000000       0x29 ./riscv_hal/riscv_hal.o
 .debug_macro   0x0000000000000000       0xfd ./riscv_hal/riscv_hal.o
 .debug_macro   0x0000000000000000       0x22 ./riscv_hal/riscv_hal.o
 .debug_macro   0x0000000000000000      0x1df ./riscv_hal/riscv_hal.o
 .debug_macro   0x0000000000000000       0x16 ./riscv_hal/riscv_hal.o
 .debug_macro   0x0000000000000000       0x35 ./riscv_hal/riscv_hal.o
 .debug_macro   0x0000000000000000       0x22 ./riscv_hal/riscv_hal.o
 .debug_macro   0x0000000000000000       0x34 ./riscv_hal/riscv_hal.o
 .debug_macro   0x0000000000000000       0x10 ./riscv_hal/riscv_hal.o
 .debug_macro   0x0000000000000000       0x40 ./riscv_hal/riscv_hal.o
 .debug_macro   0x0000000000000000       0x6c ./riscv_hal/riscv_hal.o
 .debug_macro   0x0000000000000000      0x513 ./riscv_hal/riscv_hal.o
 .debug_macro   0x0000000000000000      0x2d0 ./riscv_hal/riscv_hal.o
 .group         0x0000000000000000        0x8 ./riscv_hal/riscv_hal_stubs.o
 .group         0x0000000000000000        0x8 ./riscv_hal/riscv_hal_stubs.o
 .group         0x0000000000000000        0x8 ./riscv_hal/riscv_hal_stubs.o
 .group         0x0000000000000000        0x8 ./riscv_hal/riscv_hal_stubs.o
 .group         0x0000000000000000        0x8 ./riscv_hal/riscv_hal_stubs.o
 .group         0x0000000000000000        0x8 ./riscv_hal/riscv_hal_stubs.o
 .group         0x0000000000000000        0x8 ./riscv_hal/riscv_hal_stubs.o
 .group         0x0000000000000000        0x8 ./riscv_hal/riscv_hal_stubs.o
 .group         0x0000000000000000        0x8 ./riscv_hal/riscv_hal_stubs.o
 .group         0x0000000000000000        0x8 ./riscv_hal/riscv_hal_stubs.o
 .group         0x0000000000000000        0x8 ./riscv_hal/riscv_hal_stubs.o
 .group         0x0000000000000000        0x8 ./riscv_hal/riscv_hal_stubs.o
 .group         0x0000000000000000        0x8 ./riscv_hal/riscv_hal_stubs.o
 .group         0x0000000000000000        0x8 ./riscv_hal/riscv_hal_stubs.o
 .group         0x0000000000000000        0x8 ./riscv_hal/riscv_hal_stubs.o
 .group         0x0000000000000000        0x8 ./riscv_hal/riscv_hal_stubs.o
 .group         0x0000000000000000        0x8 ./riscv_hal/riscv_hal_stubs.o
 .group         0x0000000000000000        0x8 ./riscv_hal/riscv_hal_stubs.o
 .group         0x0000000000000000        0x8 ./riscv_hal/riscv_hal_stubs.o
 .group         0x0000000000000000        0x8 ./riscv_hal/riscv_hal_stubs.o
 .group         0x0000000000000000        0x8 ./riscv_hal/riscv_hal_stubs.o
 .text          0x0000000000000000        0x0 ./riscv_hal/riscv_hal_stubs.o
 .data          0x0000000000000000        0x0 ./riscv_hal/riscv_hal_stubs.o
 .bss           0x0000000000000000        0x0 ./riscv_hal/riscv_hal_stubs.o
 .text.handle_m_ext_interrupt
                0x0000000000000000       0x1c ./riscv_hal/riscv_hal_stubs.o
 .text.External_30_IRQHandler
                0x0000000000000000       0x20 ./riscv_hal/riscv_hal_stubs.o
 .text.External_31_IRQHandler
                0x0000000000000000       0x20 ./riscv_hal/riscv_hal_stubs.o
 .debug_macro   0x0000000000000000      0x742 ./riscv_hal/riscv_hal_stubs.o
 .debug_macro   0x0000000000000000       0x22 ./riscv_hal/riscv_hal_stubs.o
 .debug_macro   0x0000000000000000       0x46 ./riscv_hal/riscv_hal_stubs.o
 .debug_macro   0x0000000000000000       0x8d ./riscv_hal/riscv_hal_stubs.o
 .debug_macro   0x0000000000000000       0x34 ./riscv_hal/riscv_hal_stubs.o
 .debug_macro   0x0000000000000000       0x9c ./riscv_hal/riscv_hal_stubs.o
 .debug_macro   0x0000000000000000       0x4a ./riscv_hal/riscv_hal_stubs.o
 .debug_macro   0x0000000000000000      0x30d ./riscv_hal/riscv_hal_stubs.o
 .debug_macro   0x0000000000000000       0x52 ./riscv_hal/riscv_hal_stubs.o
 .debug_macro   0x0000000000000000       0x22 ./riscv_hal/riscv_hal_stubs.o
 .debug_macro   0x0000000000000000       0x22 ./riscv_hal/riscv_hal_stubs.o
 .debug_macro   0x0000000000000000       0x34 ./riscv_hal/riscv_hal_stubs.o
 .debug_macro   0x0000000000000000       0x10 ./riscv_hal/riscv_hal_stubs.o
 .debug_macro   0x0000000000000000       0x40 ./riscv_hal/riscv_hal_stubs.o
 .debug_macro   0x0000000000000000       0x6c ./riscv_hal/riscv_hal_stubs.o
 .debug_macro   0x0000000000000000      0x513 ./riscv_hal/riscv_hal_stubs.o
 .group         0x0000000000000000        0x8 ./riscv_hal/syscall.o
 .group         0x0000000000000000        0x8 ./riscv_hal/syscall.o
 .group         0x0000000000000000        0x8 ./riscv_hal/syscall.o
 .group         0x0000000000000000        0x8 ./riscv_hal/syscall.o
 .group         0x0000000000000000        0x8 ./riscv_hal/syscall.o
 .group         0x0000000000000000        0x8 ./riscv_hal/syscall.o
 .group         0x0000000000000000        0x8 ./riscv_hal/syscall.o
 .group         0x0000000000000000        0x8 ./riscv_hal/syscall.o
 .group         0x0000000000000000        0x8 ./riscv_hal/syscall.o
 .group         0x0000000000000000        0x8 ./riscv_hal/syscall.o
 .group         0x0000000000000000        0x8 ./riscv_hal/syscall.o
 .group         0x0000000000000000        0x8 ./riscv_hal/syscall.o
 .group         0x0000000000000000        0x8 ./riscv_hal/syscall.o
 .group         0x0000000000000000        0x8 ./riscv_hal/syscall.o
 .group         0x0000000000000000        0x8 ./riscv_hal/syscall.o
 .group         0x0000000000000000        0x8 ./riscv_hal/syscall.o
 .group         0x0000000000000000        0x8 ./riscv_hal/syscall.o
 .group         0x0000000000000000        0x8 ./riscv_hal/syscall.o
 .group         0x0000000000000000        0x8 ./riscv_hal/syscall.o
 .group         0x0000000000000000        0x8 ./riscv_hal/syscall.o
 .group         0x0000000000000000        0x8 ./riscv_hal/syscall.o
 .group         0x0000000000000000        0x8 ./riscv_hal/syscall.o
 .group         0x0000000000000000        0x8 ./riscv_hal/syscall.o
 .group         0x0000000000000000        0x8 ./riscv_hal/syscall.o
 .group         0x0000000000000000        0x8 ./riscv_hal/syscall.o
 .group         0x0000000000000000        0x8 ./riscv_hal/syscall.o
 .group         0x0000000000000000        0x8 ./riscv_hal/syscall.o
 .group         0x0000000000000000        0x8 ./riscv_hal/syscall.o
 .group         0x0000000000000000        0x8 ./riscv_hal/syscall.o
 .group         0x0000000000000000        0x8 ./riscv_hal/syscall.o
 .group         0x0000000000000000        0x8 ./riscv_hal/syscall.o
 .group         0x0000000000000000        0x8 ./riscv_hal/syscall.o
 .group         0x0000000000000000        0x8 ./riscv_hal/syscall.o
 .group         0x0000000000000000        0x8 ./riscv_hal/syscall.o
 .group         0x0000000000000000        0x8 ./riscv_hal/syscall.o
 .group         0x0000000000000000        0x8 ./riscv_hal/syscall.o
 .group         0x0000000000000000        0x8 ./riscv_hal/syscall.o
 .group         0x0000000000000000        0x8 ./riscv_hal/syscall.o
 .group         0x0000000000000000        0x8 ./riscv_hal/syscall.o
 .group         0x0000000000000000        0x8 ./riscv_hal/syscall.o
 .text          0x0000000000000000        0x0 ./riscv_hal/syscall.o
 .data          0x0000000000000000        0x0 ./riscv_hal/syscall.o
 .bss           0x0000000000000000        0x0 ./riscv_hal/syscall.o
 .sbss.__env    0x0000000000000000        0x4 ./riscv_hal/syscall.o
 .sdata.environ
                0x0000000000000000        0x4 ./riscv_hal/syscall.o
 .rodata        0x0000000000000000        0x3 ./riscv_hal/syscall.o
 .text.write_hex
                0x0000000000000000       0xe0 ./riscv_hal/syscall.o
 .sdata.curbrk.3416
                0x0000000000000000        0x4 ./riscv_hal/syscall.o
 .text.sbrk     0x0000000000000000       0x8c ./riscv_hal/syscall.o
 .text.open     0x0000000000000000       0x40 ./riscv_hal/syscall.o
 .text.openat   0x0000000000000000       0x44 ./riscv_hal/syscall.o
 .text.close    0x0000000000000000       0x38 ./riscv_hal/syscall.o
 .text.execve   0x0000000000000000       0x40 ./riscv_hal/syscall.o
 .text.fork     0x0000000000000000       0x34 ./riscv_hal/syscall.o
 .text.fstat    0x0000000000000000       0x64 ./riscv_hal/syscall.o
 .text.getpid   0x0000000000000000       0x20 ./riscv_hal/syscall.o
 .text.isatty   0x0000000000000000       0x50 ./riscv_hal/syscall.o
 .text.kill     0x0000000000000000       0x3c ./riscv_hal/syscall.o
 .text.link     0x0000000000000000       0x3c ./riscv_hal/syscall.o
 .text.lseek    0x0000000000000000       0x5c ./riscv_hal/syscall.o
 .text.read     0x0000000000000000       0x40 ./riscv_hal/syscall.o
 .text.stat     0x0000000000000000       0x3c ./riscv_hal/syscall.o
 .text.times    0x0000000000000000       0x38 ./riscv_hal/syscall.o
 .text.unlink   0x0000000000000000       0x38 ./riscv_hal/syscall.o
 .text.wait     0x0000000000000000       0x38 ./riscv_hal/syscall.o
 .debug_macro   0x0000000000000000      0x742 ./riscv_hal/syscall.o
 .debug_macro   0x0000000000000000       0x22 ./riscv_hal/syscall.o
 .debug_macro   0x0000000000000000       0xfd ./riscv_hal/syscall.o
 .debug_macro   0x0000000000000000       0x22 ./riscv_hal/syscall.o
 .debug_macro   0x0000000000000000      0x1df ./riscv_hal/syscall.o
 .debug_macro   0x0000000000000000       0x34 ./riscv_hal/syscall.o
 .debug_macro   0x0000000000000000       0x9c ./riscv_hal/syscall.o
 .debug_macro   0x0000000000000000       0x16 ./riscv_hal/syscall.o
 .debug_macro   0x0000000000000000      0x10e ./riscv_hal/syscall.o
 .debug_macro   0x0000000000000000       0x8d ./riscv_hal/syscall.o
 .debug_macro   0x0000000000000000       0x40 ./riscv_hal/syscall.o
 .debug_macro   0x0000000000000000       0x52 ./riscv_hal/syscall.o
 .debug_macro   0x0000000000000000       0x43 ./riscv_hal/syscall.o
 .debug_macro   0x0000000000000000      0x187 ./riscv_hal/syscall.o
 .debug_macro   0x0000000000000000      0x30d ./riscv_hal/syscall.o
 .debug_macro   0x0000000000000000       0x16 ./riscv_hal/syscall.o
 .debug_macro   0x0000000000000000       0x29 ./riscv_hal/syscall.o
 .debug_macro   0x0000000000000000       0x16 ./riscv_hal/syscall.o
 .debug_macro   0x0000000000000000       0x35 ./riscv_hal/syscall.o
 .debug_macro   0x0000000000000000       0x22 ./riscv_hal/syscall.o
 .debug_macro   0x0000000000000000       0x34 ./riscv_hal/syscall.o
 .debug_macro   0x0000000000000000       0x10 ./riscv_hal/syscall.o
 .debug_macro   0x0000000000000000       0x40 ./riscv_hal/syscall.o
 .debug_macro   0x0000000000000000       0x6c ./riscv_hal/syscall.o
 .debug_macro   0x0000000000000000      0x513 ./riscv_hal/syscall.o
 .debug_macro   0x0000000000000000      0x2d0 ./riscv_hal/syscall.o
 .group         0x0000000000000000        0x8 ./hal/hal_irq.o
 .group         0x0000000000000000        0x8 ./hal/hal_irq.o
 .group         0x0000000000000000        0x8 ./hal/hal_irq.o
 .group         0x0000000000000000        0x8 ./hal/hal_irq.o
 .group         0x0000000000000000        0x8 ./hal/hal_irq.o
 .group         0x0000000000000000        0x8 ./hal/hal_irq.o
 .group         0x0000000000000000        0x8 ./hal/hal_irq.o
 .group         0x0000000000000000        0x8 ./hal/hal_irq.o
 .group         0x0000000000000000        0x8 ./hal/hal_irq.o
 .group         0x0000000000000000        0x8 ./hal/hal_irq.o
 .group         0x0000000000000000        0x8 ./hal/hal_irq.o
 .text          0x0000000000000000        0x0 ./hal/hal_irq.o
 .data          0x0000000000000000        0x0 ./hal/hal_irq.o
 .bss           0x0000000000000000        0x0 ./hal/hal_irq.o
 .text.HAL_disable_interrupts
                0x0000000000000000       0x40 ./hal/hal_irq.o
 .text.HAL_restore_interrupts
                0x0000000000000000       0x28 ./hal/hal_irq.o
 .debug_macro   0x0000000000000000      0x742 ./hal/hal_irq.o
 .debug_macro   0x0000000000000000       0x22 ./hal/hal_irq.o
 .debug_macro   0x0000000000000000       0x87 ./hal/hal_irq.o
 .debug_macro   0x0000000000000000       0x44 ./hal/hal_irq.o
 .debug_macro   0x0000000000000000       0xfd ./hal/hal_irq.o
 .debug_macro   0x0000000000000000       0x22 ./hal/hal_irq.o
 .debug_macro   0x0000000000000000      0x1df ./hal/hal_irq.o
 .debug_macro   0x0000000000000000      0x2d0 ./hal/hal_irq.o
 .debug_macro   0x0000000000000000       0x28 ./hal/hal_irq.o
 .debug_macro   0x0000000000000000       0x10 ./hal/hal_irq.o
 .group         0x0000000000000000        0x8 ./hal/hw_reg_access.o
 .group         0x0000000000000000        0x8 ./hal/hw_reg_access.o
 .group         0x0000000000000000        0x8 ./hal/hw_reg_access.o
 .group         0x0000000000000000        0x8 ./hal/hw_reg_access.o
 .group         0x0000000000000000        0x8 ./hal/hw_reg_access.o
 .group         0x0000000000000000        0x8 ./hal/hw_reg_access.o
 .group         0x0000000000000000        0x8 ./hal/hw_reg_access.o
 .text          0x0000000000000000        0x0 ./hal/hw_reg_access.o
 .data          0x0000000000000000        0x0 ./hal/hw_reg_access.o
 .bss           0x0000000000000000        0x0 ./hal/hw_reg_access.o
 .text.HW_get_32bit_reg_field
                0x0000000000000000       0x50 ./hal/hw_reg_access.o
 .text.HW_set_16bit_reg_field
                0x0000000000000000       0xa8 ./hal/hw_reg_access.o
 .text.HW_get_16bit_reg_field
                0x0000000000000000       0x5c ./hal/hw_reg_access.o
 .text.HW_set_8bit_reg_field
                0x0000000000000000       0x90 ./hal/hw_reg_access.o
 .text.HW_get_8bit_reg_field
                0x0000000000000000       0x58 ./hal/hw_reg_access.o
 .debug_macro   0x0000000000000000      0x742 ./hal/hw_reg_access.o
 .debug_macro   0x0000000000000000       0x22 ./hal/hw_reg_access.o
 .debug_macro   0x0000000000000000       0x87 ./hal/hw_reg_access.o
 .debug_macro   0x0000000000000000       0x44 ./hal/hw_reg_access.o
 .debug_macro   0x0000000000000000       0xfd ./hal/hw_reg_access.o
 .debug_macro   0x0000000000000000       0x22 ./hal/hw_reg_access.o
 .debug_macro   0x0000000000000000      0x1df ./hal/hw_reg_access.o
 .group         0x0000000000000000        0x8 ./drivers/CoreUARTapb/core_uart_apb.o
 .group         0x0000000000000000        0x8 ./drivers/CoreUARTapb/core_uart_apb.o
 .group         0x0000000000000000        0x8 ./drivers/CoreUARTapb/core_uart_apb.o
 .group         0x0000000000000000        0x8 ./drivers/CoreUARTapb/core_uart_apb.o
 .group         0x0000000000000000        0x8 ./drivers/CoreUARTapb/core_uart_apb.o
 .group         0x0000000000000000        0x8 ./drivers/CoreUARTapb/core_uart_apb.o
 .group         0x0000000000000000        0x8 ./drivers/CoreUARTapb/core_uart_apb.o
 .group         0x0000000000000000        0x8 ./drivers/CoreUARTapb/core_uart_apb.o
 .group         0x0000000000000000        0x8 ./drivers/CoreUARTapb/core_uart_apb.o
 .group         0x0000000000000000        0x8 ./drivers/CoreUARTapb/core_uart_apb.o
 .group         0x0000000000000000        0x8 ./drivers/CoreUARTapb/core_uart_apb.o
 .text          0x0000000000000000        0x0 ./drivers/CoreUARTapb/core_uart_apb.o
 .data          0x0000000000000000        0x0 ./drivers/CoreUARTapb/core_uart_apb.o
 .bss           0x0000000000000000        0x0 ./drivers/CoreUARTapb/core_uart_apb.o
 .text.UART_fill_tx_fifo
                0x0000000000000000       0xe8 ./drivers/CoreUARTapb/core_uart_apb.o
 .text.UART_get_rx_status
                0x0000000000000000       0x54 ./drivers/CoreUARTapb/core_uart_apb.o
 .debug_macro   0x0000000000000000      0x742 ./drivers/CoreUARTapb/core_uart_apb.o
 .debug_macro   0x0000000000000000       0x22 ./drivers/CoreUARTapb/core_uart_apb.o
 .debug_macro   0x0000000000000000       0x87 ./drivers/CoreUARTapb/core_uart_apb.o
 .debug_macro   0x0000000000000000       0x44 ./drivers/CoreUARTapb/core_uart_apb.o
 .debug_macro   0x0000000000000000       0xfd ./drivers/CoreUARTapb/core_uart_apb.o
 .debug_macro   0x0000000000000000       0x22 ./drivers/CoreUARTapb/core_uart_apb.o
 .debug_macro   0x0000000000000000      0x1df ./drivers/CoreUARTapb/core_uart_apb.o
 .debug_macro   0x0000000000000000       0x64 ./drivers/CoreUARTapb/core_uart_apb.o
 .group         0x0000000000000000        0x8 ./drivers/CoreTimer/core_timer.o
 .group         0x0000000000000000        0x8 ./drivers/CoreTimer/core_timer.o
 .group         0x0000000000000000        0x8 ./drivers/CoreTimer/core_timer.o
 .group         0x0000000000000000        0x8 ./drivers/CoreTimer/core_timer.o
 .group         0x0000000000000000        0x8 ./drivers/CoreTimer/core_timer.o
 .group         0x0000000000000000        0x8 ./drivers/CoreTimer/core_timer.o
 .group         0x0000000000000000        0x8 ./drivers/CoreTimer/core_timer.o
 .group         0x0000000000000000        0x8 ./drivers/CoreTimer/core_timer.o
 .group         0x0000000000000000        0x8 ./drivers/CoreTimer/core_timer.o
 .group         0x0000000000000000        0x8 ./drivers/CoreTimer/core_timer.o
 .group         0x0000000000000000        0x8 ./drivers/CoreTimer/core_timer.o
 .text          0x0000000000000000        0x0 ./drivers/CoreTimer/core_timer.o
 .data          0x0000000000000000        0x0 ./drivers/CoreTimer/core_timer.o
 .bss           0x0000000000000000        0x0 ./drivers/CoreTimer/core_timer.o
 .text.TMR_stop
                0x0000000000000000       0x4c ./drivers/CoreTimer/core_timer.o
 .text.TMR_current_value
                0x0000000000000000       0x4c ./drivers/CoreTimer/core_timer.o
 .text.TMR_reload
                0x0000000000000000       0x44 ./drivers/CoreTimer/core_timer.o
 .debug_macro   0x0000000000000000      0x742 ./drivers/CoreTimer/core_timer.o
 .debug_macro   0x0000000000000000       0x22 ./drivers/CoreTimer/core_timer.o
 .debug_macro   0x0000000000000000       0x87 ./drivers/CoreTimer/core_timer.o
 .debug_macro   0x0000000000000000       0x44 ./drivers/CoreTimer/core_timer.o
 .debug_macro   0x0000000000000000       0xfd ./drivers/CoreTimer/core_timer.o
 .debug_macro   0x0000000000000000       0x22 ./drivers/CoreTimer/core_timer.o
 .debug_macro   0x0000000000000000      0x1df ./drivers/CoreTimer/core_timer.o
 .debug_macro   0x0000000000000000       0x64 ./drivers/CoreTimer/core_timer.o
 .debug_macro   0x0000000000000000       0x16 ./drivers/CoreTimer/core_timer.o
 .group         0x0000000000000000        0x8 ./drivers/CoreGPIO/core_gpio.o
 .group         0x0000000000000000        0x8 ./drivers/CoreGPIO/core_gpio.o
 .group         0x0000000000000000        0x8 ./drivers/CoreGPIO/core_gpio.o
 .group         0x0000000000000000        0x8 ./drivers/CoreGPIO/core_gpio.o
 .group         0x0000000000000000        0x8 ./drivers/CoreGPIO/core_gpio.o
 .group         0x0000000000000000        0x8 ./drivers/CoreGPIO/core_gpio.o
 .group         0x0000000000000000        0x8 ./drivers/CoreGPIO/core_gpio.o
 .group         0x0000000000000000        0x8 ./drivers/CoreGPIO/core_gpio.o
 .group         0x0000000000000000        0x8 ./drivers/CoreGPIO/core_gpio.o
 .group         0x0000000000000000        0x8 ./drivers/CoreGPIO/core_gpio.o
 .group         0x0000000000000000        0x8 ./drivers/CoreGPIO/core_gpio.o
 .text          0x0000000000000000        0x0 ./drivers/CoreGPIO/core_gpio.o
 .data          0x0000000000000000        0x0 ./drivers/CoreGPIO/core_gpio.o
 .bss           0x0000000000000000        0x0 ./drivers/CoreGPIO/core_gpio.o
 .text.GPIO_config
                0x0000000000000000       0x6c ./drivers/CoreGPIO/core_gpio.o
 .text.GPIO_get_outputs
                0x0000000000000000      0x194 ./drivers/CoreGPIO/core_gpio.o
 .text.GPIO_set_output
                0x0000000000000000      0x254 ./drivers/CoreGPIO/core_gpio.o
 .text.GPIO_drive_inout
                0x0000000000000000      0x168 ./drivers/CoreGPIO/core_gpio.o
 .text.GPIO_enable_irq
                0x0000000000000000       0x88 ./drivers/CoreGPIO/core_gpio.o
 .text.GPIO_disable_irq
                0x0000000000000000       0x88 ./drivers/CoreGPIO/core_gpio.o
 .text.GPIO_clear_irq
                0x0000000000000000      0x150 ./drivers/CoreGPIO/core_gpio.o
 .debug_macro   0x0000000000000000      0x742 ./drivers/CoreGPIO/core_gpio.o
 .debug_macro   0x0000000000000000       0x22 ./drivers/CoreGPIO/core_gpio.o
 .debug_macro   0x0000000000000000       0x87 ./drivers/CoreGPIO/core_gpio.o
 .debug_macro   0x0000000000000000       0x44 ./drivers/CoreGPIO/core_gpio.o
 .debug_macro   0x0000000000000000       0xfd ./drivers/CoreGPIO/core_gpio.o
 .debug_macro   0x0000000000000000       0x22 ./drivers/CoreGPIO/core_gpio.o
 .debug_macro   0x0000000000000000      0x1df ./drivers/CoreGPIO/core_gpio.o
 .debug_macro   0x0000000000000000       0x64 ./drivers/CoreGPIO/core_gpio.o
 .debug_macro   0x0000000000000000       0x16 ./drivers/CoreGPIO/core_gpio.o
 .group         0x0000000000000000        0x8 ./main.o
 .group         0x0000000000000000        0x8 ./main.o
 .group         0x0000000000000000        0x8 ./main.o
 .group         0x0000000000000000        0x8 ./main.o
 .group         0x0000000000000000        0x8 ./main.o
 .group         0x0000000000000000        0x8 ./main.o
 .group         0x0000000000000000        0x8 ./main.o
 .group         0x0000000000000000        0x8 ./main.o
 .group         0x0000000000000000        0x8 ./main.o
 .group         0x0000000000000000        0x8 ./main.o
 .group         0x0000000000000000        0x8 ./main.o
 .group         0x0000000000000000        0x8 ./main.o
 .group         0x0000000000000000        0x8 ./main.o
 .group         0x0000000000000000        0x8 ./main.o
 .group         0x0000000000000000        0x8 ./main.o
 .text          0x0000000000000000        0x0 ./main.o
 .data          0x0000000000000000        0x0 ./main.o
 .bss           0x0000000000000000        0x0 ./main.o
 .debug_macro   0x0000000000000000      0x742 ./main.o
 .debug_macro   0x0000000000000000       0x22 ./main.o
 .debug_macro   0x0000000000000000       0x87 ./main.o
 .debug_macro   0x0000000000000000       0x44 ./main.o
 .debug_macro   0x0000000000000000       0xfd ./main.o
 .debug_macro   0x0000000000000000       0x22 ./main.o
 .debug_macro   0x0000000000000000      0x1df ./main.o
 .debug_macro   0x0000000000000000      0x2d0 ./main.o
 .debug_macro   0x0000000000000000       0x28 ./main.o
 .debug_macro   0x0000000000000000       0x10 ./main.o
 .debug_macro   0x0000000000000000       0x64 ./main.o
 .debug_macro   0x0000000000000000      0x11c ./main.o
 .data          0x0000000000000000        0x0 c:/microsemi/softconsole_v5.1/riscv-unknown-elf-gcc/bin/../lib/gcc/riscv64-unknown-elf/7.1.0/../../../../riscv64-unknown-elf/lib/rv32im/ilp32\libc.a(lib_a-exit.o)
 .bss           0x0000000000000000        0x0 c:/microsemi/softconsole_v5.1/riscv-unknown-elf-gcc/bin/../lib/gcc/riscv64-unknown-elf/7.1.0/../../../../riscv64-unknown-elf/lib/rv32im/ilp32\libc.a(lib_a-exit.o)
 .text          0x0000000000000000        0x0 c:/microsemi/softconsole_v5.1/riscv-unknown-elf-gcc/bin/../lib/gcc/riscv64-unknown-elf/7.1.0/../../../../riscv64-unknown-elf/lib/rv32im/ilp32\libc.a(lib_a-impure.o)
 .bss           0x0000000000000000        0x0 c:/microsemi/softconsole_v5.1/riscv-unknown-elf-gcc/bin/../lib/gcc/riscv64-unknown-elf/7.1.0/../../../../riscv64-unknown-elf/lib/rv32im/ilp32\libc.a(lib_a-impure.o)
 .data          0x0000000000000000        0x0 c:/microsemi/softconsole_v5.1/riscv-unknown-elf-gcc/bin/../lib/gcc/riscv64-unknown-elf/7.1.0/../../../../riscv64-unknown-elf/lib/rv32im/ilp32\libc.a(lib_a-__call_atexit.o)
 .bss           0x0000000000000000        0x0 c:/microsemi/softconsole_v5.1/riscv-unknown-elf-gcc/bin/../lib/gcc/riscv64-unknown-elf/7.1.0/../../../../riscv64-unknown-elf/lib/rv32im/ilp32\libc.a(lib_a-__call_atexit.o)

Memory Configuration

Name             Origin             Length             Attributes
ram              0x0000000080000000 0x0000000000010000 xrw
*default*        0x0000000000000000 0xffffffffffffffff

Linker script and memory map

LOAD ./riscv_hal/entry.o
LOAD ./riscv_hal/init.o
LOAD ./riscv_hal/riscv_hal.o
LOAD ./riscv_hal/riscv_hal_stubs.o
LOAD ./riscv_hal/syscall.o
LOAD ./hal/hal_irq.o
LOAD ./hal/hw_reg_access.o
LOAD ./drivers/CoreUARTapb/core_uart_apb.o
LOAD ./drivers/CoreTimer/core_timer.o
LOAD ./drivers/CoreGPIO/core_gpio.o
LOAD ./main.o
LOAD c:/microsemi/softconsole_v5.1/riscv-unknown-elf-gcc/bin/../lib/gcc/riscv64-unknown-elf/7.1.0/rv32im/ilp32\libgcc.a
START GROUP
LOAD c:/microsemi/softconsole_v5.1/riscv-unknown-elf-gcc/bin/../lib/gcc/riscv64-unknown-elf/7.1.0/../../../../riscv64-unknown-elf/lib/rv32im/ilp32\libc.a
LOAD c:/microsemi/softconsole_v5.1/riscv-unknown-elf-gcc/bin/../lib/gcc/riscv64-unknown-elf/7.1.0/../../../../riscv64-unknown-elf/lib/rv32im/ilp32\libgloss.a
END GROUP
LOAD c:/microsemi/softconsole_v5.1/riscv-unknown-elf-gcc/bin/../lib/gcc/riscv64-unknown-elf/7.1.0/rv32im/ilp32\libgcc.a
                0x0000000080000000                RAM_START_ADDRESS = 0x80000000
                0x0000000000010000                RAM_SIZE = 0x10000
                0x0000000000000800                STACK_SIZE = 0x800
                0x0000000000000800                HEAP_SIZE = 0x800

.text           0x0000000080000000     0x1cb0
 *entry.o(.text)
                0x0000000080000000                . = ALIGN (0x10)
 *(.text .text.* .gnu.linkonce.t.*)
 .text.entry    0x0000000080000000      0x168 ./riscv_hal/entry.o
                0x0000000080000000                _start
 .text.copy_section
                0x0000000080000168       0x60 ./riscv_hal/init.o
 .text.zero_section
                0x00000000800001c8       0x50 ./riscv_hal/init.o
 .text._init    0x0000000080000218       0xa8 ./riscv_hal/init.o
                0x0000000080000218                _init
 .text.PLIC_DisableIRQ
                0x00000000800002c0       0xb8 ./riscv_hal/riscv_hal.o
 .text.PLIC_ClaimIRQ
                0x0000000080000378       0x44 ./riscv_hal/riscv_hal.o
 .text.PLIC_CompleteIRQ
                0x00000000800003bc       0x4c ./riscv_hal/riscv_hal.o
 .text.__enable_irq
                0x0000000080000408       0x24 ./riscv_hal/riscv_hal.o
                0x0000000080000408                __enable_irq
 .text.handle_m_timer_interrupt
                0x000000008000042c       0xac ./riscv_hal/riscv_hal.o
                0x000000008000042c                handle_m_timer_interrupt
 .text.handle_m_ext_interrupt
                0x00000000800004d8       0x70 ./riscv_hal/riscv_hal.o
                0x00000000800004d8                handle_m_ext_interrupt
 .text.handle_m_soft_interrupt
                0x0000000080000548       0x30 ./riscv_hal/riscv_hal.o
                0x0000000080000548                handle_m_soft_interrupt
 .text.handle_trap
                0x0000000080000578       0xcc ./riscv_hal/riscv_hal.o
                0x0000000080000578                handle_trap
 .text.Software_IRQHandler
                0x0000000080000644       0x18 ./riscv_hal/riscv_hal_stubs.o
                0x0000000080000644                Software_IRQHandler
 .text.SysTick_Handler
                0x000000008000065c       0x1c ./riscv_hal/riscv_hal_stubs.o
                0x000000008000065c                SysTick_Handler
 .text.Invalid_IRQHandler
                0x0000000080000678       0x20 ./riscv_hal/riscv_hal_stubs.o
                0x0000000080000678                Invalid_IRQHandler
 .text.External_1_IRQHandler
                0x0000000080000698       0x20 ./riscv_hal/riscv_hal_stubs.o
                0x0000000080000698                External_1_IRQHandler
 .text.External_2_IRQHandler
                0x00000000800006b8       0x20 ./riscv_hal/riscv_hal_stubs.o
                0x00000000800006b8                External_2_IRQHandler
 .text.External_3_IRQHandler
                0x00000000800006d8       0x20 ./riscv_hal/riscv_hal_stubs.o
                0x00000000800006d8                External_3_IRQHandler
 .text.External_4_IRQHandler
                0x00000000800006f8       0x20 ./riscv_hal/riscv_hal_stubs.o
                0x00000000800006f8                External_4_IRQHandler
 .text.External_5_IRQHandler
                0x0000000080000718       0x20 ./riscv_hal/riscv_hal_stubs.o
                0x0000000080000718                External_5_IRQHandler
 .text.External_6_IRQHandler
                0x0000000080000738       0x20 ./riscv_hal/riscv_hal_stubs.o
                0x0000000080000738                External_6_IRQHandler
 .text.External_7_IRQHandler
                0x0000000080000758       0x20 ./riscv_hal/riscv_hal_stubs.o
                0x0000000080000758                External_7_IRQHandler
 .text.External_8_IRQHandler
                0x0000000080000778       0x20 ./riscv_hal/riscv_hal_stubs.o
                0x0000000080000778                External_8_IRQHandler
 .text.External_9_IRQHandler
                0x0000000080000798       0x20 ./riscv_hal/riscv_hal_stubs.o
                0x0000000080000798                External_9_IRQHandler
 .text.External_10_IRQHandler
                0x00000000800007b8       0x20 ./riscv_hal/riscv_hal_stubs.o
                0x00000000800007b8                External_10_IRQHandler
 .text.External_11_IRQHandler
                0x00000000800007d8       0x20 ./riscv_hal/riscv_hal_stubs.o
                0x00000000800007d8                External_11_IRQHandler
 .text.External_12_IRQHandler
                0x00000000800007f8       0x20 ./riscv_hal/riscv_hal_stubs.o
                0x00000000800007f8                External_12_IRQHandler
 .text.External_13_IRQHandler
                0x0000000080000818       0x20 ./riscv_hal/riscv_hal_stubs.o
                0x0000000080000818                External_13_IRQHandler
 .text.External_14_IRQHandler
                0x0000000080000838       0x20 ./riscv_hal/riscv_hal_stubs.o
                0x0000000080000838                External_14_IRQHandler
 .text.External_15_IRQHandler
                0x0000000080000858       0x20 ./riscv_hal/riscv_hal_stubs.o
                0x0000000080000858                External_15_IRQHandler
 .text.External_16_IRQHandler
                0x0000000080000878       0x20 ./riscv_hal/riscv_hal_stubs.o
                0x0000000080000878                External_16_IRQHandler
 .text.External_17_IRQHandler
                0x0000000080000898       0x20 ./riscv_hal/riscv_hal_stubs.o
                0x0000000080000898                External_17_IRQHandler
 .text.External_18_IRQHandler
                0x00000000800008b8       0x20 ./riscv_hal/riscv_hal_stubs.o
                0x00000000800008b8                External_18_IRQHandler
 .text.External_19_IRQHandler
                0x00000000800008d8       0x20 ./riscv_hal/riscv_hal_stubs.o
                0x00000000800008d8                External_19_IRQHandler
 .text.External_20_IRQHandler
                0x00000000800008f8       0x20 ./riscv_hal/riscv_hal_stubs.o
                0x00000000800008f8                External_20_IRQHandler
 .text.External_21_IRQHandler
                0x0000000080000918       0x20 ./riscv_hal/riscv_hal_stubs.o
                0x0000000080000918                External_21_IRQHandler
 .text.External_22_IRQHandler
                0x0000000080000938       0x20 ./riscv_hal/riscv_hal_stubs.o
                0x0000000080000938                External_22_IRQHandler
 .text.External_23_IRQHandler
                0x0000000080000958       0x20 ./riscv_hal/riscv_hal_stubs.o
                0x0000000080000958                External_23_IRQHandler
 .text.External_24_IRQHandler
                0x0000000080000978       0x20 ./riscv_hal/riscv_hal_stubs.o
                0x0000000080000978                External_24_IRQHandler
 .text.External_25_IRQHandler
                0x0000000080000998       0x20 ./riscv_hal/riscv_hal_stubs.o
                0x0000000080000998                External_25_IRQHandler
 .text.External_26_IRQHandler
                0x00000000800009b8       0x20 ./riscv_hal/riscv_hal_stubs.o
                0x00000000800009b8                External_26_IRQHandler
 .text.External_27_IRQHandler
                0x00000000800009d8       0x20 ./riscv_hal/riscv_hal_stubs.o
                0x00000000800009d8                External_27_IRQHandler
 .text.External_28_IRQHandler
                0x00000000800009f8       0x20 ./riscv_hal/riscv_hal_stubs.o
                0x00000000800009f8                External_28_IRQHandler
 .text.External_29_IRQHandler
                0x0000000080000a18       0x20 ./riscv_hal/riscv_hal_stubs.o
                0x0000000080000a18                External_29_IRQHandler
 .text._exit    0x0000000080000a38       0x14 ./riscv_hal/syscall.o
                0x0000000080000a38                _exit
 .text.stub     0x0000000080000a4c       0x30 ./riscv_hal/syscall.o
 .text.write    0x0000000080000a7c       0x3c ./riscv_hal/syscall.o
                0x0000000080000a7c                write
 .text.HAL_enable_interrupts
                0x0000000080000ab8       0x28 ./hal/hal_irq.o
                0x0000000080000ab8                HAL_enable_interrupts
 .text.HW_set_32bit_reg
                0x0000000080000ae0       0x38 ./hal/hw_reg_access.o
                0x0000000080000ae0                HW_set_32bit_reg
 .text.HW_get_32bit_reg
                0x0000000080000b18       0x30 ./hal/hw_reg_access.o
                0x0000000080000b18                HW_get_32bit_reg
 .text.HW_set_32bit_reg_field
                0x0000000080000b48       0x78 ./hal/hw_reg_access.o
                0x0000000080000b48                HW_set_32bit_reg_field
 .text.HW_set_16bit_reg
                0x0000000080000bc0       0x40 ./hal/hw_reg_access.o
                0x0000000080000bc0                HW_set_16bit_reg
 .text.HW_get_16bit_reg
                0x0000000080000c00       0x38 ./hal/hw_reg_access.o
                0x0000000080000c00                HW_get_16bit_reg
 .text.HW_set_8bit_reg
                0x0000000080000c38       0x3c ./hal/hw_reg_access.o
                0x0000000080000c38                HW_set_8bit_reg
 .text.HW_get_8bit_reg
                0x0000000080000c74       0x34 ./hal/hw_reg_access.o
                0x0000000080000c74                HW_get_8bit_reg
 .text.UART_init
                0x0000000080000ca8      0x120 ./drivers/CoreUARTapb/core_uart_apb.o
                0x0000000080000ca8                UART_init
 .text.UART_send
                0x0000000080000dc8       0xb4 ./drivers/CoreUARTapb/core_uart_apb.o
                0x0000000080000dc8                UART_send
 .text.UART_get_rx
                0x0000000080000e7c      0x130 ./drivers/CoreUARTapb/core_uart_apb.o
                0x0000000080000e7c                UART_get_rx
 .text.UART_polled_tx_string
                0x0000000080000fac       0xb0 ./drivers/CoreUARTapb/core_uart_apb.o
                0x0000000080000fac                UART_polled_tx_string
 .text.TMR_init
                0x000000008000105c       0xf8 ./drivers/CoreTimer/core_timer.o
                0x000000008000105c                TMR_init
 .text.TMR_start
                0x0000000080001154       0x48 ./drivers/CoreTimer/core_timer.o
                0x0000000080001154                TMR_start
 .text.TMR_enable_int
                0x000000008000119c       0x48 ./drivers/CoreTimer/core_timer.o
                0x000000008000119c                TMR_enable_int
 .text.TMR_clear_int
                0x00000000800011e4       0x40 ./drivers/CoreTimer/core_timer.o
                0x00000000800011e4                TMR_clear_int
 .text.GPIO_init
                0x0000000080001224      0x174 ./drivers/CoreGPIO/core_gpio.o
                0x0000000080001224                GPIO_init
 .text.GPIO_set_outputs
                0x0000000080001398      0x14c ./drivers/CoreGPIO/core_gpio.o
                0x0000000080001398                GPIO_set_outputs
 .text.GPIO_get_inputs
                0x00000000800014e4      0x178 ./drivers/CoreGPIO/core_gpio.o
                0x00000000800014e4                GPIO_get_inputs
 .text.PLIC_init
                0x000000008000165c       0xd0 ./main.o
 .text.PLIC_EnableIRQ
                0x000000008000172c       0xb4 ./main.o
 .text.PLIC_SetPriority
                0x00000000800017e0       0x3c ./main.o
 .text.External_30_IRQHandler
                0x000000008000181c       0xa4 ./main.o
                0x000000008000181c                External_30_IRQHandler
 .text.External_31_IRQHandler
                0x00000000800018c0       0x60 ./main.o
                0x00000000800018c0                External_31_IRQHandler
 .text.main     0x0000000080001920      0x198 ./main.o
                0x0000000080001920                main
 .text          0x0000000080001ab8       0x34 c:/microsemi/softconsole_v5.1/riscv-unknown-elf-gcc/bin/../lib/gcc/riscv64-unknown-elf/7.1.0/../../../../riscv64-unknown-elf/lib/rv32im/ilp32\libc.a(lib_a-exit.o)
                0x0000000080001ab8                exit
 .text          0x0000000080001aec      0x110 c:/microsemi/softconsole_v5.1/riscv-unknown-elf-gcc/bin/../lib/gcc/riscv64-unknown-elf/7.1.0/../../../../riscv64-unknown-elf/lib/rv32im/ilp32\libc.a(lib_a-__call_atexit.o)
                0x0000000080001aec                __call_exitprocs
 *(.plt)
                0x0000000080001c00                . = ALIGN (0x10)
 *fill*         0x0000000080001bfc        0x4 
 *crtbegin.o(.ctors)
 *(EXCLUDE_FILE(*crtend.o) .ctors)
 *(SORT(.ctors.*))
 *crtend.o(.ctors)
 *crtbegin.o(.dtors)
 *(EXCLUDE_FILE(*crtend.o) .dtors)
 *(SORT(.dtors.*))
 *crtend.o(.dtors)
 *(.rodata .rodata.* .gnu.linkonce.r.*)
 .rodata        0x0000000080001c00        0x6 ./riscv_hal/init.o
 *fill*         0x0000000080001c06        0x2 
 .rodata        0x0000000080001c08        0x6 ./riscv_hal/riscv_hal.o
 *fill*         0x0000000080001c0e        0x2 
 .rodata        0x0000000080001c10       0x97 ./main.o
 *fill*         0x0000000080001ca7        0x1 
 .rodata.str1.4
                0x0000000080001ca8        0x4 c:/microsemi/softconsole_v5.1/riscv-unknown-elf-gcc/bin/../lib/gcc/riscv64-unknown-elf/7.1.0/../../../../riscv64-unknown-elf/lib/rv32im/ilp32\libc.a(lib_a-impure.o)
                                          0x2 (size before relaxing)
 *(.gcc_except_table)
 *(.eh_frame_hdr)
 *(.eh_frame)
 *(.init)
 *(.fini)
                [!provide]                        PROVIDE (__preinit_array_start, .)
 *(.preinit_array)
                [!provide]                        PROVIDE (__preinit_array_end, .)
                [!provide]                        PROVIDE (__init_array_start, .)
 *(SORT(.init_array.*))
 *(.init_array)
                [!provide]                        PROVIDE (__init_array_end, .)
                [!provide]                        PROVIDE (__fini_array_start, .)
 *(.fini_array)
 *(SORT(.fini_array.*))
                [!provide]                        PROVIDE (__fini_array_end, .)
                0x0000000080001cb0                . = ALIGN (0x10)
 *fill*         0x0000000080001cac        0x4 

.rela.dyn       0x0000000080001cb0        0x0
 .rela.text.entry
                0x0000000080001cb0        0x0 ./riscv_hal/entry.o
 .rela.text._init
                0x0000000080001cb0        0x0 ./riscv_hal/entry.o
 .rela.text.handle_m_timer_interrupt
                0x0000000080001cb0        0x0 ./riscv_hal/entry.o
 .rela.data.ext_irq_handler_table
                0x0000000080001cb0        0x0 ./riscv_hal/entry.o
 .rela.text.handle_m_soft_interrupt
                0x0000000080001cb0        0x0 ./riscv_hal/entry.o
 .rela.text.handle_trap
                0x0000000080001cb0        0x0 ./riscv_hal/entry.o
 .rela.text.handle_m_ext_interrupt
                0x0000000080001cb0        0x0 ./riscv_hal/entry.o
 .rela.text.Software_IRQHandler
                0x0000000080001cb0        0x0 ./riscv_hal/entry.o
 .rela.sdata.curbrk.3416
                0x0000000080001cb0        0x0 ./riscv_hal/entry.o
 .rela.text.sbrk
                0x0000000080001cb0        0x0 ./riscv_hal/entry.o
 .rela.text.stub
                0x0000000080001cb0        0x0 ./riscv_hal/entry.o
 .rela.text.isatty
                0x0000000080001cb0        0x0 ./riscv_hal/entry.o
 .rela.text.External_30_IRQHandler
                0x0000000080001cb0        0x0 ./riscv_hal/entry.o
 .rela.text.External_31_IRQHandler
                0x0000000080001cb0        0x0 ./riscv_hal/entry.o
 .rela.text.main
                0x0000000080001cb0        0x0 ./riscv_hal/entry.o
 .rela.text     0x0000000080001cb0        0x0 ./riscv_hal/entry.o

.sdata          0x0000000080001cb0       0x10
                0x0000000080001cb0                __sdata_load = LOADADDR (.sdata)
                0x0000000080001cb0                __sdata_start = .
                0x00000000800024b0                _gp = (. + 0x800)
 *(.srodata.cst16)
 *(.srodata.cst8)
 *(.srodata.cst4)
 *(.srodata.cst2)
 *(.srodata*)
 *(.sdata .sdata.* .gnu.linkonce.s.*)
 .sdata.g_hello_msg
                0x0000000080001cb0        0x4 ./main.o
                0x0000000080001cb0                g_hello_msg
 .sdata         0x0000000080001cb4        0x8 c:/microsemi/softconsole_v5.1/riscv-unknown-elf-gcc/bin/../lib/gcc/riscv64-unknown-elf/7.1.0/../../../../riscv64-unknown-elf/lib/rv32im/ilp32\libc.a(lib_a-impure.o)
                0x0000000080001cb4                _global_impure_ptr
                0x0000000080001cb8                _impure_ptr
                0x0000000080001cc0                . = ALIGN (0x10)
 *fill*         0x0000000080001cbc        0x4 
                0x0000000080001cc0                __sdata_end = .

.data           0x0000000080001cc0      0x4b0
                0x0000000080001cc0                __data_load = LOADADDR (.data)
                0x0000000080001cc0                __data_start = .
 *(.got.plt)
 *(.got)
 *(.shdata)
 *(.data .data.* .gnu.linkonce.d.*)
 .data.ext_irq_handler_table
                0x0000000080001cc0       0x80 ./riscv_hal/riscv_hal.o
                0x0000000080001cc0                ext_irq_handler_table
 .data          0x0000000080001d40      0x428 c:/microsemi/softconsole_v5.1/riscv-unknown-elf-gcc/bin/../lib/gcc/riscv64-unknown-elf/7.1.0/../../../../riscv64-unknown-elf/lib/rv32im/ilp32\libc.a(lib_a-impure.o)
                0x0000000080002170                . = ALIGN (0x10)
 *fill*         0x0000000080002168        0x8 
                0x0000000080002170                __data_end = .

.sbss           0x0000000080002170       0x10
                0x0000000080002170                __sbss_start = .
 *(.sbss .sbss.* .gnu.linkonce.sb.*)
 .sbss.g_systick_increment
                0x0000000080002170        0x8 ./riscv_hal/riscv_hal.o
 *(.scommon)
                0x0000000080002180                . = ALIGN (0x10)
 *fill*         0x0000000080002178        0x8 
                0x0000000080002180                __sbss_end = .

.bss            0x0000000080002180       0xb0
                0x0000000080002180                __bss_start = .
 *(.shbss)
 *(.bss .bss.* .gnu.linkonce.b.*)
 *(COMMON)
 COMMON         0x0000000080002180       0x88 ./riscv_hal/syscall.o
                0x0000000080002180                errno
                0x00000000800021c0                fromhost
                0x0000000080002200                tohost
 COMMON         0x0000000080002208       0x24 ./main.o
                0x0000000080002208                g_timer0
                0x000000008000220c                g_gpio1
                0x0000000080002214                g_timer1
                0x0000000080002218                g_uart
                0x0000000080002220                g_gpio0
                0x0000000080002228                g_state
                0x0000000080002230                . = ALIGN (0x10)
 *fill*         0x000000008000222c        0x4 
                0x0000000080002230                __bss_end = .
                0x0000000080002230                _end = .

.heap           0x0000000080002230      0x800
                0x0000000080002230                __heap_start = .
                0x0000000080002a30                . = (. + HEAP_SIZE)
 *fill*         0x0000000080002230      0x800 
                0x0000000080002a30                __heap_end = .
                0x0000000080002a30                . = ALIGN (0x10)
                0x0000000080002a30                _heap_end = __heap_end

.stack          0x0000000080002a30      0x800
                0x0000000080002a30                __stack_bottom = .
                0x0000000080003230                . = (. + STACK_SIZE)
 *fill*         0x0000000080002a30      0x800 
                0x0000000080003230                __stack_top = .
OUTPUT(riscv-interrupt-blinky.elf elf32-littleriscv)

.debug_line     0x0000000000000000     0x3607
 .debug_line    0x0000000000000000      0x243 ./riscv_hal/entry.o
 .debug_line    0x0000000000000243      0x3bc ./riscv_hal/init.o
 .debug_line    0x00000000000005ff      0x553 ./riscv_hal/riscv_hal.o
 .debug_line    0x0000000000000b52      0x69f ./riscv_hal/riscv_hal_stubs.o
 .debug_line    0x00000000000011f1      0x6ac ./riscv_hal/syscall.o
 .debug_line    0x000000000000189d      0x322 ./hal/hal_irq.o
 .debug_line    0x0000000000001bbf      0x3ed ./hal/hw_reg_access.o
 .debug_line    0x0000000000001fac      0x538 ./drivers/CoreUARTapb/core_uart_apb.o
 .debug_line    0x00000000000024e4      0x3d9 ./drivers/CoreTimer/core_timer.o
 .debug_line    0x00000000000028bd      0x6da ./drivers/CoreGPIO/core_gpio.o
 .debug_line    0x0000000000002f97      0x670 ./main.o

.debug_info     0x0000000000000000     0x4ac9
 .debug_info    0x0000000000000000       0x9c ./riscv_hal/entry.o
 .debug_info    0x000000000000009c      0xb57 ./riscv_hal/init.o
 .debug_info    0x0000000000000bf3     0x104b ./riscv_hal/riscv_hal.o
 .debug_info    0x0000000000001c3e      0x473 ./riscv_hal/riscv_hal_stubs.o
 .debug_info    0x00000000000020b1     0x1260 ./riscv_hal/syscall.o
 .debug_info    0x0000000000003311      0x103 ./hal/hal_irq.o
 .debug_info    0x0000000000003414      0x52d ./hal/hw_reg_access.o
 .debug_info    0x0000000000003941      0x362 ./drivers/CoreUARTapb/core_uart_apb.o
 .debug_info    0x0000000000003ca3      0x24a ./drivers/CoreTimer/core_timer.o
 .debug_info    0x0000000000003eed      0x5b6 ./drivers/CoreGPIO/core_gpio.o
 .debug_info    0x00000000000044a3      0x626 ./main.o

.debug_abbrev   0x0000000000000000      0xee1
 .debug_abbrev  0x0000000000000000       0x14 ./riscv_hal/entry.o
 .debug_abbrev  0x0000000000000014      0x1f7 ./riscv_hal/init.o
 .debug_abbrev  0x000000000000020b      0x2b8 ./riscv_hal/riscv_hal.o
 .debug_abbrev  0x00000000000004c3       0xb6 ./riscv_hal/riscv_hal_stubs.o
 .debug_abbrev  0x0000000000000579      0x2bb ./riscv_hal/syscall.o
 .debug_abbrev  0x0000000000000834       0xc0 ./hal/hal_irq.o
 .debug_abbrev  0x00000000000008f4      0x110 ./hal/hw_reg_access.o
 .debug_abbrev  0x0000000000000a04      0x11e ./drivers/CoreUARTapb/core_uart_apb.o
 .debug_abbrev  0x0000000000000b22       0xcf ./drivers/CoreTimer/core_timer.o
 .debug_abbrev  0x0000000000000bf1      0x146 ./drivers/CoreGPIO/core_gpio.o
 .debug_abbrev  0x0000000000000d37      0x1aa ./main.o

.debug_aranges  0x0000000000000000      0x498
 .debug_aranges
                0x0000000000000000       0x20 ./riscv_hal/entry.o
 .debug_aranges
                0x0000000000000020       0x30 ./riscv_hal/init.o
 .debug_aranges
                0x0000000000000050       0x68 ./riscv_hal/riscv_hal.o
 .debug_aranges
                0x00000000000000b8      0x130 ./riscv_hal/riscv_hal_stubs.o
 .debug_aranges
                0x00000000000001e8       0xc0 ./riscv_hal/syscall.o
 .debug_aranges
                0x00000000000002a8       0x30 ./hal/hal_irq.o
 .debug_aranges
                0x00000000000002d8       0x78 ./hal/hw_reg_access.o
 .debug_aranges
                0x0000000000000350       0x48 ./drivers/CoreUARTapb/core_uart_apb.o
 .debug_aranges
                0x0000000000000398       0x50 ./drivers/CoreTimer/core_timer.o
 .debug_aranges
                0x00000000000003e8       0x68 ./drivers/CoreGPIO/core_gpio.o
 .debug_aranges
                0x0000000000000450       0x48 ./main.o

.debug_frame    0x0000000000000000     0x18d8
 .debug_frame   0x0000000000000000       0xa0 ./riscv_hal/init.o
 .debug_frame   0x00000000000000a0      0x240 ./riscv_hal/riscv_hal.o
 .debug_frame   0x00000000000002e0      0x714 ./riscv_hal/riscv_hal_stubs.o
 .debug_frame   0x00000000000009f4      0x4c8 ./riscv_hal/syscall.o
 .debug_frame   0x0000000000000ebc       0xbc ./hal/hal_irq.o
 .debug_frame   0x0000000000000f78      0x280 ./hal/hw_reg_access.o
 .debug_frame   0x00000000000011f8      0x178 ./drivers/CoreUARTapb/core_uart_apb.o
 .debug_frame   0x0000000000001370      0x1b4 ./drivers/CoreTimer/core_timer.o
 .debug_frame   0x0000000000001524      0x268 ./drivers/CoreGPIO/core_gpio.o
 .debug_frame   0x000000000000178c      0x14c ./main.o

.debug_loc      0x0000000000000000     0x187c
 .debug_loc     0x0000000000000000       0x9c ./riscv_hal/init.o
 .debug_loc     0x000000000000009c      0x230 ./riscv_hal/riscv_hal.o
 .debug_loc     0x00000000000002cc      0x790 ./riscv_hal/riscv_hal_stubs.o
 .debug_loc     0x0000000000000a5c      0x48c ./riscv_hal/syscall.o
 .debug_loc     0x0000000000000ee8       0xa8 ./hal/hal_irq.o
 .debug_loc     0x0000000000000f90      0x2a0 ./hal/hw_reg_access.o
 .debug_loc     0x0000000000001230      0x150 ./drivers/CoreUARTapb/core_uart_apb.o
 .debug_loc     0x0000000000001380      0x188 ./drivers/CoreTimer/core_timer.o
 .debug_loc     0x0000000000001508      0x230 ./drivers/CoreGPIO/core_gpio.o
 .debug_loc     0x0000000000001738      0x144 ./main.o

.debug_ranges   0x0000000000000000      0x3d8
 .debug_ranges  0x0000000000000000       0x20 ./riscv_hal/init.o
 .debug_ranges  0x0000000000000020       0x58 ./riscv_hal/riscv_hal.o
 .debug_ranges  0x0000000000000078      0x120 ./riscv_hal/riscv_hal_stubs.o
 .debug_ranges  0x0000000000000198       0xb0 ./riscv_hal/syscall.o
 .debug_ranges  0x0000000000000248       0x20 ./hal/hal_irq.o
 .debug_ranges  0x0000000000000268       0x68 ./hal/hw_reg_access.o
 .debug_ranges  0x00000000000002d0       0x38 ./drivers/CoreUARTapb/core_uart_apb.o
 .debug_ranges  0x0000000000000308       0x40 ./drivers/CoreTimer/core_timer.o
 .debug_ranges  0x0000000000000348       0x58 ./drivers/CoreGPIO/core_gpio.o
 .debug_ranges  0x00000000000003a0       0x38 ./main.o

.debug_macro    0x0000000000000000     0x368f
 .debug_macro   0x0000000000000000      0x1aa ./riscv_hal/init.o
 .debug_macro   0x00000000000001aa      0x742 ./riscv_hal/init.o
 .debug_macro   0x00000000000008ec       0x22 ./riscv_hal/init.o
 .debug_macro   0x000000000000090e       0x46 ./riscv_hal/init.o
 .debug_macro   0x0000000000000954       0x8d ./riscv_hal/init.o
 .debug_macro   0x00000000000009e1       0x34 ./riscv_hal/init.o
 .debug_macro   0x0000000000000a15       0x9c ./riscv_hal/init.o
 .debug_macro   0x0000000000000ab1       0x16 ./riscv_hal/init.o
 .debug_macro   0x0000000000000ac7      0x10e ./riscv_hal/init.o
 .debug_macro   0x0000000000000bd5       0x8d ./riscv_hal/init.o
 .debug_macro   0x0000000000000c62       0x4a ./riscv_hal/init.o
 .debug_macro   0x0000000000000cac       0x3a ./riscv_hal/init.o
 .debug_macro   0x0000000000000ce6       0x52 ./riscv_hal/init.o
 .debug_macro   0x0000000000000d38       0x43 ./riscv_hal/init.o
 .debug_macro   0x0000000000000d7b      0x187 ./riscv_hal/init.o
 .debug_macro   0x0000000000000f02      0x30d ./riscv_hal/init.o
 .debug_macro   0x000000000000120f       0x16 ./riscv_hal/init.o
 .debug_macro   0x0000000000001225       0x29 ./riscv_hal/init.o
 .debug_macro   0x000000000000124e       0xfd ./riscv_hal/init.o
 .debug_macro   0x000000000000134b       0x22 ./riscv_hal/init.o
 .debug_macro   0x000000000000136d      0x1df ./riscv_hal/init.o
 .debug_macro   0x000000000000154c       0x16 ./riscv_hal/init.o
 .debug_macro   0x0000000000001562       0x35 ./riscv_hal/init.o
 .debug_macro   0x0000000000001597       0x22 ./riscv_hal/init.o
 .debug_macro   0x00000000000015b9       0x34 ./riscv_hal/init.o
 .debug_macro   0x00000000000015ed       0x10 ./riscv_hal/init.o
 .debug_macro   0x00000000000015fd       0x40 ./riscv_hal/init.o
 .debug_macro   0x000000000000163d       0x6c ./riscv_hal/init.o
 .debug_macro   0x00000000000016a9      0x513 ./riscv_hal/init.o
 .debug_macro   0x0000000000001bbc      0x2d0 ./riscv_hal/init.o
 .debug_macro   0x0000000000001e8c      0x1da ./riscv_hal/riscv_hal.o
 .debug_macro   0x0000000000002066       0x28 ./riscv_hal/riscv_hal.o
 .debug_macro   0x000000000000208e       0x10 ./riscv_hal/riscv_hal.o
 .debug_macro   0x000000000000209e      0x134 ./riscv_hal/riscv_hal_stubs.o
 .debug_macro   0x00000000000021d2       0x10 ./riscv_hal/riscv_hal_stubs.o
 .debug_macro   0x00000000000021e2       0xcf ./riscv_hal/riscv_hal_stubs.o
 .debug_macro   0x00000000000022b1       0x40 ./riscv_hal/riscv_hal_stubs.o
 .debug_macro   0x00000000000022f1       0x19 ./riscv_hal/riscv_hal_stubs.o
 .debug_macro   0x000000000000230a       0xbe ./riscv_hal/riscv_hal_stubs.o
 .debug_macro   0x00000000000023c8      0x251 ./riscv_hal/syscall.o
 .debug_macro   0x0000000000002619       0x87 ./riscv_hal/syscall.o
 .debug_macro   0x00000000000026a0       0x44 ./riscv_hal/syscall.o
 .debug_macro   0x00000000000026e4       0x4c ./riscv_hal/syscall.o
 .debug_macro   0x0000000000002730       0x10 ./riscv_hal/syscall.o
 .debug_macro   0x0000000000002740      0x241 ./riscv_hal/syscall.o
 .debug_macro   0x0000000000002981       0x16 ./riscv_hal/syscall.o
 .debug_macro   0x0000000000002997       0x10 ./riscv_hal/syscall.o
 .debug_macro   0x00000000000029a7       0x41 ./riscv_hal/syscall.o
 .debug_macro   0x00000000000029e8      0x140 ./riscv_hal/syscall.o
 .debug_macro   0x0000000000002b28       0x1c ./riscv_hal/syscall.o
 .debug_macro   0x0000000000002b44       0x10 ./riscv_hal/syscall.o
 .debug_macro   0x0000000000002b54       0x16 ./riscv_hal/syscall.o
 .debug_macro   0x0000000000002b6a      0x16d ./riscv_hal/syscall.o
 .debug_macro   0x0000000000002cd7       0x16 ./riscv_hal/syscall.o
 .debug_macro   0x0000000000002ced       0xad ./hal/hal_irq.o
 .debug_macro   0x0000000000002d9a       0x64 ./hal/hal_irq.o
 .debug_macro   0x0000000000002dfe       0x73 ./hal/hw_reg_access.o
 .debug_macro   0x0000000000002e71       0xe1 ./drivers/CoreUARTapb/core_uart_apb.o
 .debug_macro   0x0000000000002f52      0x106 ./drivers/CoreUARTapb/core_uart_apb.o
 .debug_macro   0x0000000000003058       0x40 ./drivers/CoreUARTapb/core_uart_apb.o
 .debug_macro   0x0000000000003098       0x16 ./drivers/CoreUARTapb/core_uart_apb.o
 .debug_macro   0x00000000000030ae       0xab ./drivers/CoreTimer/core_timer.o
 .debug_macro   0x0000000000003159       0x4c ./drivers/CoreTimer/core_timer.o
 .debug_macro   0x00000000000031a5       0xd6 ./drivers/CoreTimer/core_timer.o
 .debug_macro   0x000000000000327b       0xcf ./drivers/CoreGPIO/core_gpio.o
 .debug_macro   0x000000000000334a      0x11c ./drivers/CoreGPIO/core_gpio.o
 .debug_macro   0x0000000000003466       0x64 ./drivers/CoreGPIO/core_gpio.o
 .debug_macro   0x00000000000034ca       0xdb ./main.o
 .debug_macro   0x00000000000035a5       0x52 ./main.o
 .debug_macro   0x00000000000035f7       0x52 ./main.o
 .debug_macro   0x0000000000003649       0x46 ./main.o

.debug_str      0x0000000000000000     0xc2ba
 .debug_str     0x0000000000000000     0x85a6 ./riscv_hal/init.o
                                       0x87ff (size before relaxing)
 .debug_str     0x00000000000085a6      0x516 ./riscv_hal/riscv_hal.o
                                       0x8c99 (size before relaxing)
 .debug_str     0x0000000000008abc      0x316 ./riscv_hal/riscv_hal_stubs.o
                                       0x6097 (size before relaxing)
 .debug_str     0x0000000000008dd2     0x1335 ./riscv_hal/syscall.o
                                       0x9b0e (size before relaxing)
 .debug_str     0x000000000000a107      0x788 ./hal/hal_irq.o
                                       0x4959 (size before relaxing)
 .debug_str     0x000000000000a88f      0x14f ./hal/hw_reg_access.o
                                       0x3402 (size before relaxing)
 .debug_str     0x000000000000a9de      0x838 ./drivers/CoreUARTapb/core_uart_apb.o
                                       0x4201 (size before relaxing)
 .debug_str     0x000000000000b216      0x4e1 ./drivers/CoreTimer/core_timer.o
                                       0x3f11 (size before relaxing)
 .debug_str     0x000000000000b6f7      0x996 ./drivers/CoreGPIO/core_gpio.o
                                       0x43cb (size before relaxing)
 .debug_str     0x000000000000c08d      0x22d ./main.o
                                       0x55b3 (size before relaxing)

.comment        0x0000000000000000       0x11
 .comment       0x0000000000000000       0x11 ./riscv_hal/init.o
                                         0x12 (size before relaxing)
 .comment       0x0000000000000011       0x12 ./riscv_hal/riscv_hal.o
 .comment       0x0000000000000011       0x12 ./riscv_hal/riscv_hal_stubs.o
 .comment       0x0000000000000011       0x12 ./riscv_hal/syscall.o
 .comment       0x0000000000000011       0x12 ./hal/hal_irq.o
 .comment       0x0000000000000011       0x12 ./hal/hw_reg_access.o
 .comment       0x0000000000000011       0x12 ./drivers/CoreUARTapb/core_uart_apb.o
 .comment       0x0000000000000011       0x12 ./drivers/CoreTimer/core_timer.o
 .comment       0x0000000000000011       0x12 ./drivers/CoreGPIO/core_gpio.o
 .comment       0x0000000000000011       0x12 ./main.o
 .comment       0x0000000000000011       0x12 c:/microsemi/softconsole_v5.1/riscv-unknown-elf-gcc/bin/../lib/gcc/riscv64-unknown-elf/7.1.0/../../../../riscv64-unknown-elf/lib/rv32im/ilp32\libc.a(lib_a-exit.o)
 .comment       0x0000000000000011       0x12 c:/microsemi/softconsole_v5.1/riscv-unknown-elf-gcc/bin/../lib/gcc/riscv64-unknown-elf/7.1.0/../../../../riscv64-unknown-elf/lib/rv32im/ilp32\libc.a(lib_a-impure.o)
 .comment       0x0000000000000011       0x12 c:/microsemi/softconsole_v5.1/riscv-unknown-elf-gcc/bin/../lib/gcc/riscv64-unknown-elf/7.1.0/../../../../riscv64-unknown-elf/lib/rv32im/ilp32\libc.a(lib_a-__call_atexit.o)
